Archive member included to satisfy reference by file (symbol)

C:/ST/STM32CubeIDE_1.14.1/STM32CubeIDE/plugins/com.st.stm32cube.ide.mcu.externaltools.gnu-tools-for-stm32.11.3.rel1.win32_1.1.100.202309141235/tools/bin/../lib/gcc/arm-none-eabi/11.3.1/../../../../arm-none-eabi/lib/thumb/v7e-m+fp/hard\libc_nano.a(libc_a-exit.o)
                              C:/ST/STM32CubeIDE_1.14.1/STM32CubeIDE/plugins/com.st.stm32cube.ide.mcu.externaltools.gnu-tools-for-stm32.11.3.rel1.win32_1.1.100.202309141235/tools/bin/../lib/gcc/arm-none-eabi/11.3.1/../../../../arm-none-eabi/lib/thumb/v7e-m+fp/hard/crt0.o (exit)
C:/ST/STM32CubeIDE_1.14.1/STM32CubeIDE/plugins/com.st.stm32cube.ide.mcu.externaltools.gnu-tools-for-stm32.11.3.rel1.win32_1.1.100.202309141235/tools/bin/../lib/gcc/arm-none-eabi/11.3.1/../../../../arm-none-eabi/lib/thumb/v7e-m+fp/hard\libc_nano.a(libc_a-malloc.o)
                              ./Core/Src/main.o (malloc)
C:/ST/STM32CubeIDE_1.14.1/STM32CubeIDE/plugins/com.st.stm32cube.ide.mcu.externaltools.gnu-tools-for-stm32.11.3.rel1.win32_1.1.100.202309141235/tools/bin/../lib/gcc/arm-none-eabi/11.3.1/../../../../arm-none-eabi/lib/thumb/v7e-m+fp/hard\libc_nano.a(libc_a-mallocr.o)
                              C:/ST/STM32CubeIDE_1.14.1/STM32CubeIDE/plugins/com.st.stm32cube.ide.mcu.externaltools.gnu-tools-for-stm32.11.3.rel1.win32_1.1.100.202309141235/tools/bin/../lib/gcc/arm-none-eabi/11.3.1/../../../../arm-none-eabi/lib/thumb/v7e-m+fp/hard\libc_nano.a(libc_a-malloc.o) (_malloc_r)
C:/ST/STM32CubeIDE_1.14.1/STM32CubeIDE/plugins/com.st.stm32cube.ide.mcu.externaltools.gnu-tools-for-stm32.11.3.rel1.win32_1.1.100.202309141235/tools/bin/../lib/gcc/arm-none-eabi/11.3.1/../../../../arm-none-eabi/lib/thumb/v7e-m+fp/hard\libc_nano.a(libc_a-mlock.o)
                              C:/ST/STM32CubeIDE_1.14.1/STM32CubeIDE/plugins/com.st.stm32cube.ide.mcu.externaltools.gnu-tools-for-stm32.11.3.rel1.win32_1.1.100.202309141235/tools/bin/../lib/gcc/arm-none-eabi/11.3.1/../../../../arm-none-eabi/lib/thumb/v7e-m+fp/hard\libc_nano.a(libc_a-mallocr.o) (__malloc_lock)
C:/ST/STM32CubeIDE_1.14.1/STM32CubeIDE/plugins/com.st.stm32cube.ide.mcu.externaltools.gnu-tools-for-stm32.11.3.rel1.win32_1.1.100.202309141235/tools/bin/../lib/gcc/arm-none-eabi/11.3.1/../../../../arm-none-eabi/lib/thumb/v7e-m+fp/hard\libc_nano.a(libc_a-findfp.o)
                              C:/ST/STM32CubeIDE_1.14.1/STM32CubeIDE/plugins/com.st.stm32cube.ide.mcu.externaltools.gnu-tools-for-stm32.11.3.rel1.win32_1.1.100.202309141235/tools/bin/../lib/gcc/arm-none-eabi/11.3.1/../../../../arm-none-eabi/lib/thumb/v7e-m+fp/hard\libc_nano.a(libc_a-exit.o) (__stdio_exit_handler)
C:/ST/STM32CubeIDE_1.14.1/STM32CubeIDE/plugins/com.st.stm32cube.ide.mcu.externaltools.gnu-tools-for-stm32.11.3.rel1.win32_1.1.100.202309141235/tools/bin/../lib/gcc/arm-none-eabi/11.3.1/../../../../arm-none-eabi/lib/thumb/v7e-m+fp/hard\libc_nano.a(libc_a-fwalk.o)
                              C:/ST/STM32CubeIDE_1.14.1/STM32CubeIDE/plugins/com.st.stm32cube.ide.mcu.externaltools.gnu-tools-for-stm32.11.3.rel1.win32_1.1.100.202309141235/tools/bin/../lib/gcc/arm-none-eabi/11.3.1/../../../../arm-none-eabi/lib/thumb/v7e-m+fp/hard\libc_nano.a(libc_a-findfp.o) (_fwalk_sglue)
C:/ST/STM32CubeIDE_1.14.1/STM32CubeIDE/plugins/com.st.stm32cube.ide.mcu.externaltools.gnu-tools-for-stm32.11.3.rel1.win32_1.1.100.202309141235/tools/bin/../lib/gcc/arm-none-eabi/11.3.1/../../../../arm-none-eabi/lib/thumb/v7e-m+fp/hard\libc_nano.a(libc_a-sprintf.o)
                              ./Core/Src/main.o (sprintf)
C:/ST/STM32CubeIDE_1.14.1/STM32CubeIDE/plugins/com.st.stm32cube.ide.mcu.externaltools.gnu-tools-for-stm32.11.3.rel1.win32_1.1.100.202309141235/tools/bin/../lib/gcc/arm-none-eabi/11.3.1/../../../../arm-none-eabi/lib/thumb/v7e-m+fp/hard\libc_nano.a(libc_a-stdio.o)
                              C:/ST/STM32CubeIDE_1.14.1/STM32CubeIDE/plugins/com.st.stm32cube.ide.mcu.externaltools.gnu-tools-for-stm32.11.3.rel1.win32_1.1.100.202309141235/tools/bin/../lib/gcc/arm-none-eabi/11.3.1/../../../../arm-none-eabi/lib/thumb/v7e-m+fp/hard\libc_nano.a(libc_a-findfp.o) (__sread)
C:/ST/STM32CubeIDE_1.14.1/STM32CubeIDE/plugins/com.st.stm32cube.ide.mcu.externaltools.gnu-tools-for-stm32.11.3.rel1.win32_1.1.100.202309141235/tools/bin/../lib/gcc/arm-none-eabi/11.3.1/../../../../arm-none-eabi/lib/thumb/v7e-m+fp/hard\libc_nano.a(libc_a-memset.o)
                              C:/ST/STM32CubeIDE_1.14.1/STM32CubeIDE/plugins/com.st.stm32cube.ide.mcu.externaltools.gnu-tools-for-stm32.11.3.rel1.win32_1.1.100.202309141235/tools/bin/../lib/gcc/arm-none-eabi/11.3.1/../../../../arm-none-eabi/lib/thumb/v7e-m+fp/hard/crt0.o (memset)
C:/ST/STM32CubeIDE_1.14.1/STM32CubeIDE/plugins/com.st.stm32cube.ide.mcu.externaltools.gnu-tools-for-stm32.11.3.rel1.win32_1.1.100.202309141235/tools/bin/../lib/gcc/arm-none-eabi/11.3.1/../../../../arm-none-eabi/lib/thumb/v7e-m+fp/hard\libc_nano.a(libc_a-closer.o)
[...]
Memory Configuration

Name             Origin             Length             Attributes
CCMRAM           0x0000000010000000 0x0000000000010000 xrw
RAM              0x0000000020000000 0x0000000000020000 xrw
FLASH            0x0000000008000000 0x0000000000100000 xr
*default*        0x0000000000000000 0xffffffffffffffff

Linker script and memory map

LOAD C:/ST/STM32CubeIDE_1.14.1/STM32CubeIDE/plugins/com.st.stm32cube.ide.mcu.externaltools.gnu-tools-for-stm32.11.3.rel1.win32_1.1.100.202309141235/tools/bin/../lib/gcc/arm-none-eabi/11.3.1/thumb/v7e-m+fp/hard/crti.o
LOAD C:/ST/STM32CubeIDE_1.14.1/STM32CubeIDE/plugins/com.st.stm32cube.ide.mcu.externaltools.gnu-tools-for-stm32.11.3.rel1.win32_1.1.100.202309141235/tools/bin/../lib/gcc/arm-none-eabi/11.3.1/thumb/v7e-m+fp/hard/crtbegin.o
LOAD C:/ST/STM32CubeIDE_1.14.1/STM32CubeIDE/plugins/com.st.stm32cube.ide.mcu.externaltools.gnu-tools-for-stm32.11.3.rel1.win32_1.1.100.202309141235/tools/bin/../lib/gcc/arm-none-eabi/11.3.1/../../../../arm-none-eabi/lib/thumb/v7e-m+fp/hard/crt0.o
LOAD ./Core/Src/fatfs_sd.o
LOAD ./Core/Src/main.o
LOAD ./Core/Src/stm32f4xx_hal_msp.o
LOAD ./Core/Src/stm32f4xx_it.o
LOAD ./Core/Src/syscalls.o
LOAD ./Core/Src/sysmem.o
LOAD ./Core/Src/system_stm32f4xx.o
LOAD ./Core/Startup/startup_stm32f407vgtx.o
LOAD ./Drivers/STM32F4xx_HAL_Driver/Src/stm32f4xx_hal.o
LOAD ./Drivers/STM32F4xx_HAL_Driver/Src/stm32f4xx_hal_adc.o
LOAD ./Drivers/STM32F4xx_HAL_Driver/Src/stm32f4xx_hal_adc_ex.o
LOAD ./Drivers/STM32F4xx_HAL_Driver/Src/stm32f4xx_hal_cortex.o
LOAD ./Drivers/STM32F4xx_HAL_Driver/Src/stm32f4xx_hal_dac.o
LOAD ./Drivers/STM32F4xx_HAL_Driver/Src/stm32f4xx_hal_dac_ex.o
LOAD ./Drivers/STM32F4xx_HAL_Driver/Src/stm32f4xx_hal_dma.o
LOAD ./Drivers/STM32F4xx_HAL_Driver/Src/stm32f4xx_hal_dma_ex.o
LOAD ./Drivers/STM32F4xx_HAL_Driver/Src/stm32f4xx_hal_exti.o
LOAD ./Drivers/STM32F4xx_HAL_Driver/Src/stm32f4xx_hal_flash.o
LOAD ./Drivers/STM32F4xx_HAL_Driver/Src/stm32f4xx_hal_flash_ex.o
LOAD ./Drivers/STM32F4xx_HAL_Driver/Src/stm32f4xx_hal_flash_ramfunc.o
LOAD ./Drivers/STM32F4xx_HAL_Driver/Src/stm32f4xx_hal_gpio.o
LOAD ./Drivers/STM32F4xx_HAL_Driver/Src/stm32f4xx_hal_pwr.o
LOAD ./Drivers/STM32F4xx_HAL_Driver/Src/stm32f4xx_hal_pwr_ex.o
LOAD ./Drivers/STM32F4xx_HAL_Driver/Src/stm32f4xx_hal_rcc.o
LOAD ./Drivers/STM32F4xx_HAL_Driver/Src/stm32f4xx_hal_rcc_ex.o
LOAD ./Drivers/STM32F4xx_HAL_Driver/Src/stm32f4xx_hal_spi.o
LOAD ./Drivers/STM32F4xx_HAL_Driver/Src/stm32f4xx_hal_tim.o
LOAD ./Drivers/STM32F4xx_HAL_Driver/Src/stm32f4xx_hal_tim_ex.o
LOAD ./Drivers/STM32F4xx_HAL_Driver/Src/stm32f4xx_hal_uart.o
LOAD ./Drivers/STM32F4xx_HAL_Driver/Src/stm32f4xx_ll_adc.o
LOAD ./FATFS/App/fatfs.o
LOAD ./FATFS/Target/user_diskio.o
LOAD ./Middlewares/Third_Party/FatFs/src/diskio.o
LOAD ./Middlewares/Third_Party/FatFs/src/ff.o
LOAD ./Middlewares/Third_Party/FatFs/src/ff_gen_drv.o
LOAD ./Middlewares/Third_Party/FatFs/src/option/ccsbcs.o
LOAD ./Middlewares/Third_Party/FatFs/src/option/syscall.o
START GROUP
LOAD C:/ST/STM32CubeIDE_1.14.1/STM32CubeIDE/plugins/com.st.stm32cube.ide.mcu.externaltools.gnu-tools-for-stm32.11.3.rel1.win32_1.1.100.202309141235/tools/bin/../lib/gcc/arm-none-eabi/11.3.1/../../../../arm-none-eabi/lib/thumb/v7e-m+fp/hard\libc_nano.a
LOAD C:/ST/STM32CubeIDE_1.14.1/STM32CubeIDE/plugins/com.st.stm32cube.ide.mcu.externaltools.gnu-tools-for-stm32.11.3.rel1.win32_1.1.100.202309141235/tools/bin/../lib/gcc/arm-none-eabi/11.3.1/../../../../arm-none-eabi/lib/thumb/v7e-m+fp/hard\libm.a
END GROUP
START GROUP
LOAD C:/ST/STM32CubeIDE_1.14.1/STM32CubeIDE/plugins/com.st.stm32cube.ide.mcu.externaltools.gnu-tools-for-stm32.11.3.rel1.win32_1.1.100.202309141235/tools/bin/../lib/gcc/arm-none-eabi/11.3.1/thumb/v7e-m+fp/hard\libgcc.a
LOAD C:/ST/STM32CubeIDE_1.14.1/STM32CubeIDE/plugins/com.st.stm32cube.ide.mcu.externaltools.gnu-tools-for-stm32.11.3.rel1.win32_1.1.100.202309141235/tools/bin/../lib/gcc/arm-none-eabi/11.3.1/../../../../arm-none-eabi/lib/thumb/v7e-m+fp/hard\libc_nano.a
END GROUP
START GROUP
LOAD C:/ST/STM32CubeIDE_1.14.1/STM32CubeIDE/plugins/com.st.stm32cube.ide.mcu.externaltools.gnu-tools-for-stm32.11.3.rel1.win32_1.1.100.202309141235/tools/bin/../lib/gcc/arm-none-eabi/11.3.1/thumb/v7e-m+fp/hard\libgcc.a
LOAD C:/ST/STM32CubeIDE_1.14.1/STM32CubeIDE/plugins/com.st.stm32cube.ide.mcu.externaltools.gnu-tools-for-stm32.11.3.rel1.win32_1.1.100.202309141235/tools/bin/../lib/gcc/arm-none-eabi/11.3.1/../../../../arm-none-eabi/lib/thumb/v7e-m+fp/hard\libc_nano.a
LOAD C:/ST/STM32CubeIDE_1.14.1/STM32CubeIDE/plugins/com.st.stm32cube.ide.mcu.externaltools.gnu-tools-for-stm32.11.3.rel1.win32_1.1.100.202309141235/tools/bin/../lib/gcc/arm-none-eabi/11.3.1/../../../../arm-none-eabi/lib/thumb/v7e-m+fp/hard\libnosys.a
END GROUP
START GROUP
LOAD C:/ST/STM32CubeIDE_1.14.1/STM32CubeIDE/plugins/com.st.stm32cube.ide.mcu.externaltools.gnu-tools-for-stm32.11.3.rel1.win32_1.1.100.202309141235/tools/bin/../lib/gcc/arm-none-eabi/11.3.1/thumb/v7e-m+fp/hard\libgcc.a
LOAD C:/ST/STM32CubeIDE_1.14.1/STM32CubeIDE/plugins/com.st.stm32cube.ide.mcu.externaltools.gnu-tools-for-stm32.11.3.rel1.win32_1.1.100.202309141235/tools/bin/../lib/gcc/arm-none-eabi/11.3.1/../../../../arm-none-eabi/lib/thumb/v7e-m+fp/hard\libc_nano.a
LOAD C:/ST/STM32CubeIDE_1.14.1/STM32CubeIDE/plugins/com.st.stm32cube.ide.mcu.externaltools.gnu-tools-for-stm32.11.3.rel1.win32_1.1.100.202309141235/tools/bin/../lib/gcc/arm-none-eabi/11.3.1/../../../../arm-none-eabi/lib/thumb/v7e-m+fp/hard\libnosys.a
END GROUP
LOAD C:/ST/STM32CubeIDE_1.14.1/STM32CubeIDE/plugins/com.st.stm32cube.ide.mcu.externaltools.gnu-tools-for-stm32.11.3.rel1.win32_1.1.100.202309141235/tools/bin/../lib/gcc/arm-none-eabi/11.3.1/thumb/v7e-m+fp/hard/crtend.o
LOAD C:/ST/STM32CubeIDE_1.14.1/STM32CubeIDE/plugins/com.st.stm32cube.ide.mcu.externaltools.gnu-tools-for-stm32.11.3.rel1.win32_1.1.100.202309141235/tools/bin/../lib/gcc/arm-none-eabi/11.3.1/thumb/v7e-m+fp/hard/crtn.o
                0x0000000020020000                _estack = (ORIGIN (RAM) + LENGTH (RAM))
                0x0000000000000200                _Min_Heap_Size = 0x200
                0x0000000000000400                _Min_Stack_Size = 0x400

.isr_vector     0x0000000008000000      0x188
                0x0000000008000000                . = ALIGN (0x4)
 *(.isr_vector)
 .isr_vector    0x0000000008000000      0x188 ./Core/Startup/startup_stm32f407vgtx.o
                0x0000000008000000                g_pfnVectors
                0x0000000008000188                . = ALIGN (0x4)

.text           0x0000000008000190     0xb68c
                0x0000000008000190                . = ALIGN (0x4)
 *(.text)
 .text          0x0000000008000190       0x40 C:/ST/STM32CubeIDE_1.14.1/STM32CubeIDE/plugins/com.st.stm32cube.ide.mcu.externaltools.gnu-tools-for-stm32.11.3.rel1.win32_1.1.100.202309141235/tools/bin/../lib/gcc/arm-none-eabi/11.3.1/thumb/v7e-m+fp/hard/crtbegin.o
 .text          0x00000000080001d0       0x10 C:/ST/STM32CubeIDE_1.14.1/STM32CubeIDE/plugins/com.st.stm32cube.ide.mcu.externaltools.gnu-tools-for-stm32.11.3.rel1.win32_1.1.100.202309141235/tools/bin/../lib/gcc/arm-none-eabi/11.3.1/../../../../arm-none-eabi/lib/thumb/v7e-m+fp/hard\libc_nano.a(libc_a-strlen.o)
                0x00000000080001d0                strlen
 .text          0x00000000080001e0       0xa0 C:/ST/STM32CubeIDE_1.14.1/STM32CubeIDE/plugins/com.st.stm32cube.ide.mcu.externaltools.gnu-tools-for-stm32.11.3.rel1.win32_1.1.100.202309141235/tools/bin/../lib/gcc/arm-none-eabi/11.3.1/../../../../arm-none-eabi/lib/thumb/v7e-m+fp/hard\libc_nano.a(libc_a-memchr.o)
                0x00000000080001e0                memchr
 .text          0x0000000008000280      0x378 C:/ST/STM32CubeIDE_1.14.1/STM32CubeIDE/plugins/com.st.stm32cube.ide.mcu.externaltools.gnu-tools-for-stm32.11.3.rel1.win32_1.1.100.202309141235/tools/bin/../lib/gcc/arm-none-eabi/11.3.1/thumb/v7e-m+fp/hard\libgcc.a(_arm_addsubdf3.o)
                0x0000000008000280                __aeabi_drsub
                0x0000000008000288                __aeabi_dsub
                0x0000000008000288                __subdf3
                0x000000000800028c                __aeabi_dadd
                0x000000000800028c                __adddf3
                0x0000000008000504                __floatunsidf
                0x0000000008000504                __aeabi_ui2d
                0x0000000008000524                __floatsidf
                0x0000000008000524                __aeabi_i2d
                0x0000000008000548                __aeabi_f2d
                0x0000000008000548                __extendsfdf2
                0x000000000800058c                __floatundidf
                0x000000000800058c                __aeabi_ul2d
                0x000000000800059c                __floatdidf
                0x000000000800059c                __aeabi_l2d
 .text          0x00000000080005f8      0x424 C:/ST/STM32CubeIDE_1.14.1/STM32CubeIDE/plugins/com.st.stm32cube.ide.mcu.externaltools.gnu-tools-for-stm32.11.3.rel1.win32_1.1.100.202309141235/tools/bin/../lib/gcc/arm-none-eabi/11.3.1/thumb/v7e-m+fp/hard\libgcc.a(_arm_muldivdf3.o)
                0x00000000080005f8                __aeabi_dmul
                0x00000000080005f8                __muldf3
                0x000000000800084c                __divdf3
                0x000000000800084c                __aeabi_ddiv
 .text          0x0000000008000a1c      0x110 C:/ST/STM32CubeIDE_1.14.1/STM32CubeIDE/plugins/com.st.stm32cube.ide.mcu.externaltools.gnu-tools-for-stm32.11.3.rel1.win32_1.1.100.202309141235/tools/bin/../lib/gcc/arm-none-eabi/11.3.1/thumb/v7e-m+fp/hard\libgcc.a(_arm_cmpdf2.o)
                0x0000000008000a1c                __gtdf2
                0x0000000008000a1c                __gedf2
                0x0000000008000a24                __ltdf2
                0x0000000008000a24                __ledf2
                0x0000000008000a2c                __nedf2
                0x0000000008000a2c                __eqdf2
                0x0000000008000a2c                __cmpdf2
                0x0000000008000aa8                __aeabi_cdrcmple
                0x0000000008000ab8                __aeabi_cdcmpeq
                0x0000000008000ab8                __aeabi_cdcmple
                0x0000000008000ac8                __aeabi_dcmpeq
                0x0000000008000adc                __aeabi_dcmplt
                0x0000000008000af0                __aeabi_dcmple
                0x0000000008000b04                __aeabi_dcmpge
                0x0000000008000b18                __aeabi_dcmpgt
 .text          0x0000000008000b2c       0x2c C:/ST/STM32CubeIDE_1.14.1/STM32CubeIDE/plugins/com.st.stm32cube.ide.mcu.externaltools.gnu-tools-for-stm32.11.3.rel1.win32_1.1.100.202309141235/tools/bin/../lib/gcc/arm-none-eabi/11.3.1/thumb/v7e-m+fp/hard\libgcc.a(_arm_unorddf2.o)
                0x0000000008000b2c                __unorddf2
                0x0000000008000b2c                __aeabi_dcmpun
 .text          0x0000000008000b58       0x40 C:/ST/STM32CubeIDE_1.14.1/STM32CubeIDE/plugins/com.st.stm32cube.ide.mcu.externaltools.gnu-tools-for-stm32.11.3.rel1.win32_1.1.100.202309141235/tools/bin/../lib/gcc/arm-none-eabi/11.3.1/thumb/v7e-m+fp/hard\libgcc.a(_arm_fixunsdfsi.o)
                0x0000000008000b58                __aeabi_d2uiz
                0x0000000008000b58                __fixunsdfsi
 .text          0x0000000008000b98       0x30 C:/ST/STM32CubeIDE_1.14.1/STM32CubeIDE/plugins/com.st.stm32cube.ide.mcu.externaltools.gnu-tools-for-stm32.11.3.rel1.win32_1.1.100.202309141235/tools/bin/../lib/gcc/arm-none-eabi/11.3.1/thumb/v7e-m+fp/hard\libgcc.a(_aeabi_uldivmod.o)
                0x0000000008000b98                __aeabi_uldivmod
 .text          0x0000000008000bc8      0x2c8 C:/ST/STM32CubeIDE_1.14.1/STM32CubeIDE/plugins/com.st.stm32cube.ide.mcu.externaltools.gnu-tools-for-stm32.11.3.rel1.win32_1.1.100.202309141235/tools/bin/../lib/gcc/arm-none-eabi/11.3.1/thumb/v7e-m+fp/hard\libgcc.a(_udivmoddi4.o)
                0x0000000008000bc8                __udivmoddi4
 .text          0x0000000008000e90        0x4 C:/ST/STM32CubeIDE_1.14.1/STM32CubeIDE/plugins/com.st.stm32cube.ide.mcu.externaltools.gnu-tools-for-stm32.11.3.rel1.win32_1.1.100.202309141235/tools/bin/../lib/gcc/arm-none-eabi/11.3.1/thumb/v7e-m+fp/hard\libgcc.a(_dvmd_tls.o)
                0x0000000008000e90                __aeabi_idiv0
                0x0000000008000e90                __aeabi_ldiv0
 *(.text*)
 .text.SELECT   0x0000000008000e94       0x1c ./Core/Src/fatfs_sd.o
 .text.DESELECT
                0x0000000008000eb0       0x1c ./Core/Src/fatfs_sd.o
 .text.SPI_TxByte
                0x0000000008000ecc       0x34 ./Core/Src/fatfs_sd.o
 .text.SPI_TxBuffer
                0x0000000008000f00       0x34 ./Core/Src/fatfs_sd.o
 .text.SPI_RxByte
                0x0000000008000f34       0x38 ./Core/Src/fatfs_sd.o
 .text.SPI_RxBytePtr
                0x0000000008000f6c       0x1c ./Core/Src/fatfs_sd.o
 .text.SD_ReadyWait
                0x0000000008000f88       0x34 ./Core/Src/fatfs_sd.o
 .text.SD_PowerOn
                0x0000000008000fbc       0x84 ./Core/Src/fatfs_sd.o
 .text.SD_PowerOff
                0x0000000008001040       0x18 ./Core/Src/fatfs_sd.o
 .text.SD_CheckPower
                0x0000000008001058       0x18 ./Core/Src/fatfs_sd.o
 .text.SD_RxDataBlock
                0x0000000008001070       0x5c ./Core/Src/fatfs_sd.o
 .text.SD_TxDataBlock
                0x00000000080010cc       0x86 ./Core/Src/fatfs_sd.o
 .text.SD_SendCmd
                0x0000000008001152       0xa8 ./Core/Src/fatfs_sd.o
 *fill*         0x00000000080011fa        0x2 
 .text.SD_disk_initialize
                0x00000000080011fc      0x1cc ./Core/Src/fatfs_sd.o
                0x00000000080011fc                SD_disk_initialize
 .text.SD_disk_status
                0x00000000080013c8       0x2c ./Core/Src/fatfs_sd.o
                0x00000000080013c8                SD_disk_status
 .text.SD_disk_read
                0x00000000080013f4       0xd4 ./Core/Src/fatfs_sd.o
                0x00000000080013f4                SD_disk_read
 .text.SD_disk_write
                0x00000000080014c8      0x108 ./Core/Src/fatfs_sd.o
                0x00000000080014c8                SD_disk_write
 .text.SD_disk_ioctl
                0x00000000080015d0      0x258 ./Core/Src/fatfs_sd.o
                0x00000000080015d0                SD_disk_ioctl
 .text.transmit_uart
                0x0000000008001828       0x2c ./Core/Src/main.o
                0x0000000008001828                transmit_uart
 .text.nextion_Send
                0x0000000008001854       0x58 ./Core/Src/main.o
                0x0000000008001854                nextion_Send
 .text.map      0x00000000080018ac       0x28 ./Core/Src/main.o
                0x00000000080018ac                map
 .text.HAL_UART_RxCpltCallback
                0x00000000080018d4      0x370 ./Core/Src/main.o
                0x00000000080018d4                HAL_UART_RxCpltCallback
 *fill*         0x0000000008001c44        0x4 
 .text.HAL_ADC_ConvCpltCallback
                0x0000000008001c48      0xaa8 ./Core/Src/main.o
                0x0000000008001c48                HAL_ADC_ConvCpltCallback
 .text.main     0x00000000080026f0      0x280 ./Core/Src/main.o
                0x00000000080026f0                main
 .text.SystemClock_Config
                0x0000000008002970       0xd4 ./Core/Src/main.o
                0x0000000008002970                SystemClock_Config
 .text.MX_ADC1_Init
                0x0000000008002a44      0x1d8 ./Core/Src/main.o
 .text.MX_DAC_Init
                0x0000000008002c1c       0x68 ./Core/Src/main.o
 .text.MX_SPI1_Init
                0x0000000008002c84       0x6c ./Core/Src/main.o
 .text.MX_TIM1_Init
                0x0000000008002cf0       0xa0 ./Core/Src/main.o
 .text.MX_TIM8_Init
                0x0000000008002d90       0xa4 ./Core/Src/main.o
 .text.MX_UART4_Init
                0x0000000008002e34       0x54 ./Core/Src/main.o
 .text.MX_USART2_UART_Init
                0x0000000008002e88       0x54 ./Core/Src/main.o
 .text.MX_USART3_UART_Init
                0x0000000008002edc       0x54 ./Core/Src/main.o
 .text.MX_DMA_Init
                0x0000000008002f30       0x40 ./Core/Src/main.o
 .text.MX_GPIO_Init
                0x0000000008002f70       0xf4 ./Core/Src/main.o
 .text.HAL_TIM_PeriodElapsedCallback
                0x0000000008003064       0x6c ./Core/Src/main.o
                0x0000000008003064                HAL_TIM_PeriodElapsedCallback
 .text.Error_Handler
                0x00000000080030d0        0xa ./Core/Src/main.o
                0x00000000080030d0                Error_Handler
 *fill*         0x00000000080030da        0x2 
 .text.HAL_MspInit
                0x00000000080030dc       0x50 ./Core/Src/stm32f4xx_hal_msp.o
                0x00000000080030dc                HAL_MspInit
 .text.HAL_ADC_MspInit
                0x000000000800312c      0x160 ./Core/Src/stm32f4xx_hal_msp.o
                0x000000000800312c                HAL_ADC_MspInit
 .text.HAL_DAC_MspInit
                0x000000000800328c       0x88 ./Core/Src/stm32f4xx_hal_msp.o
                0x000000000800328c                HAL_DAC_MspInit
 .text.HAL_SPI_MspInit
                0x0000000008003314       0x90 ./Core/Src/stm32f4xx_hal_msp.o
                0x0000000008003314                HAL_SPI_MspInit
 .text.HAL_TIM_Base_MspInit
                0x00000000080033a4       0x8c ./Core/Src/stm32f4xx_hal_msp.o
                0x00000000080033a4                HAL_TIM_Base_MspInit
 .text.HAL_UART_MspInit
                0x0000000008003430      0x18c ./Core/Src/stm32f4xx_hal_msp.o
                0x0000000008003430                HAL_UART_MspInit
 .text.NMI_Handler
                0x00000000080035bc        0x6 ./Core/Src/stm32f4xx_it.o
                0x00000000080035bc                NMI_Handler
 .text.HardFault_Handler
                0x00000000080035c2        0x6 ./Core/Src/stm32f4xx_it.o
                0x00000000080035c2                HardFault_Handler
 .text.MemManage_Handler
                0x00000000080035c8        0x6 ./Core/Src/stm32f4xx_it.o
                0x00000000080035c8                MemManage_Handler
 .text.BusFault_Handler
                0x00000000080035ce        0x6 ./Core/Src/stm32f4xx_it.o
                0x00000000080035ce                BusFault_Handler
 .text.UsageFault_Handler
                0x00000000080035d4        0x6 ./Core/Src/stm32f4xx_it.o
                0x00000000080035d4                UsageFault_Handler
 .text.SVC_Handler
                0x00000000080035da        0xe ./Core/Src/stm32f4xx_it.o
                0x00000000080035da                SVC_Handler
 .text.DebugMon_Handler
                0x00000000080035e8        0xe ./Core/Src/stm32f4xx_it.o
                0x00000000080035e8                DebugMon_Handler
 .text.PendSV_Handler
                0x00000000080035f6        0xe ./Core/Src/stm32f4xx_it.o
                0x00000000080035f6                PendSV_Handler
 .text.SysTick_Handler
                0x0000000008003604       0x40 ./Core/Src/stm32f4xx_it.o
                0x0000000008003604                SysTick_Handler
 .text.TIM1_UP_TIM10_IRQHandler
                0x0000000008003644       0x14 ./Core/Src/stm32f4xx_it.o
                0x0000000008003644                TIM1_UP_TIM10_IRQHandler
 .text.USART2_IRQHandler
                0x0000000008003658       0x14 ./Core/Src/stm32f4xx_it.o
                0x0000000008003658                USART2_IRQHandler
 .text.USART3_IRQHandler
                0x000000000800366c       0x14 ./Core/Src/stm32f4xx_it.o
                0x000000000800366c                USART3_IRQHandler
 .text.TIM8_UP_TIM13_IRQHandler
                0x0000000008003680       0x14 ./Core/Src/stm32f4xx_it.o
                0x0000000008003680                TIM8_UP_TIM13_IRQHandler
 .text.DMA2_Stream0_IRQHandler
                0x0000000008003694       0x14 ./Core/Src/stm32f4xx_it.o
                0x0000000008003694                DMA2_Stream0_IRQHandler
 .text._sbrk    0x00000000080036a8       0x6c ./Core/Src/sysmem.o
                0x00000000080036a8                _sbrk
 .text.SystemInit
                0x0000000008003714       0x24 ./Core/Src/system_stm32f4xx.o
                0x0000000008003714                SystemInit
 .text.Reset_Handler
                0x0000000008003738       0x50 ./Core/Startup/startup_stm32f407vgtx.o
                0x0000000008003738                Reset_Handler
 .text.Default_Handler
                0x0000000008003788        0x2 ./Core/Startup/startup_stm32f407vgtx.o
                0x0000000008003788                RTC_Alarm_IRQHandler
                0x0000000008003788                HASH_RNG_IRQHandler
                0x0000000008003788                EXTI2_IRQHandler
                0x0000000008003788                TIM8_CC_IRQHandler
                0x0000000008003788                TIM1_CC_IRQHandler
                0x0000000008003788                DMA2_Stream5_IRQHandler
                0x0000000008003788                DMA1_Stream5_IRQHandler
                0x0000000008003788                PVD_IRQHandler
                0x0000000008003788                SDIO_IRQHandler
                0x0000000008003788                TAMP_STAMP_IRQHandler
                0x0000000008003788                CAN2_RX1_IRQHandler
                0x0000000008003788                EXTI3_IRQHandler
                0x0000000008003788                TIM8_TRG_COM_TIM14_IRQHandler
                0x0000000008003788                I2C3_ER_IRQHandler
                0x0000000008003788                EXTI0_IRQHandler
                0x0000000008003788                I2C2_EV_IRQHandler
                0x0000000008003788                DMA1_Stream2_IRQHandler
                0x0000000008003788                CAN1_RX0_IRQHandler
                0x0000000008003788                FPU_IRQHandler
                0x0000000008003788                OTG_HS_WKUP_IRQHandler
                0x0000000008003788                CAN2_SCE_IRQHandler
                0x0000000008003788                DMA2_Stream2_IRQHandler
                0x0000000008003788                SPI1_IRQHandler
                0x0000000008003788                TIM6_DAC_IRQHandler
                0x0000000008003788                TIM1_BRK_TIM9_IRQHandler
                0x0000000008003788                DCMI_IRQHandler
                0x0000000008003788                CAN2_RX0_IRQHandler
                0x0000000008003788                DMA2_Stream3_IRQHandler
                0x0000000008003788                USART6_IRQHandler
                0x0000000008003788                CAN1_RX1_IRQHandler
                0x0000000008003788                UART5_IRQHandler
                0x0000000008003788                TIM4_IRQHandler
                0x0000000008003788                I2C1_EV_IRQHandler
                0x0000000008003788                DMA1_Stream6_IRQHandler
                0x0000000008003788                DMA1_Stream1_IRQHandler
                0x0000000008003788                UART4_IRQHandler
                0x0000000008003788                TIM3_IRQHandler
                0x0000000008003788                RCC_IRQHandler
                0x0000000008003788                TIM8_BRK_TIM12_IRQHandler
                0x0000000008003788                Default_Handler
                0x0000000008003788                EXTI15_10_IRQHandler
                0x0000000008003788                ADC_IRQHandler
                0x0000000008003788                DMA1_Stream7_IRQHandler
                0x0000000008003788                TIM7_IRQHandler
                0x0000000008003788                CAN2_TX_IRQHandler
                0x0000000008003788                TIM5_IRQHandler
                0x0000000008003788                DMA2_Stream7_IRQHandler
                0x0000000008003788                I2C3_EV_IRQHandler
                0x0000000008003788                EXTI9_5_IRQHandler
                0x0000000008003788                RTC_WKUP_IRQHandler
                0x0000000008003788                ETH_WKUP_IRQHandler
                0x0000000008003788                SPI2_IRQHandler
                0x0000000008003788                OTG_HS_EP1_IN_IRQHandler
                0x0000000008003788                DMA1_Stream0_IRQHandler
                0x0000000008003788                CAN1_TX_IRQHandler
                0x0000000008003788                EXTI4_IRQHandler
                0x0000000008003788                FSMC_IRQHandler
                0x0000000008003788                ETH_IRQHandler
                0x0000000008003788                OTG_HS_EP1_OUT_IRQHandler
                0x0000000008003788                WWDG_IRQHandler
                0x0000000008003788                TIM2_IRQHandler
                0x0000000008003788                OTG_FS_WKUP_IRQHandler
                0x0000000008003788                TIM1_TRG_COM_TIM11_IRQHandler
                0x0000000008003788                OTG_HS_IRQHandler
                0x0000000008003788                EXTI1_IRQHandler
                0x0000000008003788                I2C2_ER_IRQHandler
                0x0000000008003788                DMA2_Stream1_IRQHandler
                0x0000000008003788                CAN1_SCE_IRQHandler
                0x0000000008003788                FLASH_IRQHandler
                0x0000000008003788                DMA2_Stream4_IRQHandler
                0x0000000008003788                USART1_IRQHandler
                0x0000000008003788                OTG_FS_IRQHandler
                0x0000000008003788                SPI3_IRQHandler
                0x0000000008003788                DMA1_Stream4_IRQHandler
                0x0000000008003788                I2C1_ER_IRQHandler
                0x0000000008003788                DMA2_Stream6_IRQHandler
                0x0000000008003788                DMA1_Stream3_IRQHandler
 *fill*         0x000000000800378a        0x2 
 .text.HAL_Init
                0x000000000800378c       0x44 ./Drivers/STM32F4xx_HAL_Driver/Src/stm32f4xx_hal.o
                0x000000000800378c                HAL_Init
 .text.HAL_InitTick
                0x00000000080037d0       0x60 ./Drivers/STM32F4xx_HAL_Driver/Src/stm32f4xx_hal.o
                0x00000000080037d0                HAL_InitTick
 .text.HAL_IncTick
                0x0000000008003830       0x28 ./Drivers/STM32F4xx_HAL_Driver/Src/stm32f4xx_hal.o
                0x0000000008003830                HAL_IncTick
 .text.HAL_GetTick
                0x0000000008003858       0x18 ./Drivers/STM32F4xx_HAL_Driver/Src/stm32f4xx_hal.o
                0x0000000008003858                HAL_GetTick
 .text.HAL_Delay
                0x0000000008003870       0x48 ./Drivers/STM32F4xx_HAL_Driver/Src/stm32f4xx_hal.o
                0x0000000008003870                HAL_Delay
 .text.HAL_ADC_Init
                0x00000000080038b8       0x86 ./Drivers/STM32F4xx_HAL_Driver/Src/stm32f4xx_hal_adc.o
                0x00000000080038b8                HAL_ADC_Init
 *fill*         0x000000000800393e        0x2 
 .text.HAL_ADC_Start_DMA
                0x0000000008003940      0x220 ./Drivers/STM32F4xx_HAL_Driver/Src/stm32f4xx_hal_adc.o
                0x0000000008003940                HAL_ADC_Start_DMA
 .text.HAL_ADC_ConvHalfCpltCallback
                0x0000000008003b60       0x14 ./Drivers/STM32F4xx_HAL_Driver/Src/stm32f4xx_hal_adc.o
                0x0000000008003b60                HAL_ADC_ConvHalfCpltCallback
 .text.HAL_ADC_ErrorCallback
                0x0000000008003b74       0x14 ./Drivers/STM32F4xx_HAL_Driver/Src/stm32f4xx_hal_adc.o
                0x0000000008003b74                HAL_ADC_ErrorCallback
 .text.HAL_ADC_ConfigChannel
                0x0000000008003b88      0x244 ./Drivers/STM32F4xx_HAL_Driver/Src/stm32f4xx_hal_adc.o
                0x0000000008003b88                HAL_ADC_ConfigChannel
 .text.ADC_Init
                0x0000000008003dcc      0x1f8 ./Drivers/STM32F4xx_HAL_Driver/Src/stm32f4xx_hal_adc.o
 .text.ADC_DMAConvCplt
                0x0000000008003fc4       0xba ./Drivers/STM32F4xx_HAL_Driver/Src/stm32f4xx_hal_adc.o
 .text.ADC_DMAHalfConvCplt
                0x000000000800407e       0x1c ./Drivers/STM32F4xx_HAL_Driver/Src/stm32f4xx_hal_adc.o
 .text.ADC_DMAError
                0x000000000800409a       0x2e ./Drivers/STM32F4xx_HAL_Driver/Src/stm32f4xx_hal_adc.o
 .text.__NVIC_SetPriorityGrouping
                0x00000000080040c8       0x48 ./Drivers/STM32F4xx_HAL_Driver/Src/stm32f4xx_hal_cortex.o
 .text.__NVIC_GetPriorityGrouping
                0x0000000008004110       0x1c ./Drivers/STM32F4xx_HAL_Driver/Src/stm32f4xx_hal_cortex.o
 .text.__NVIC_EnableIRQ
                0x000000000800412c       0x3c ./Drivers/STM32F4xx_HAL_Driver/Src/stm32f4xx_hal_cortex.o
 .text.__NVIC_SetPriority
                0x0000000008004168       0x54 ./Drivers/STM32F4xx_HAL_Driver/Src/stm32f4xx_hal_cortex.o
 .text.NVIC_EncodePriority
                0x00000000080041bc       0x66 ./Drivers/STM32F4xx_HAL_Driver/Src/stm32f4xx_hal_cortex.o
 *fill*         0x0000000008004222        0x2 
 .text.SysTick_Config
                0x0000000008004224       0x44 ./Drivers/STM32F4xx_HAL_Driver/Src/stm32f4xx_hal_cortex.o
 .text.HAL_NVIC_SetPriorityGrouping
                0x0000000008004268       0x16 ./Drivers/STM32F4xx_HAL_Driver/Src/stm32f4xx_hal_cortex.o
                0x0000000008004268                HAL_NVIC_SetPriorityGrouping
 .text.HAL_NVIC_SetPriority
                0x000000000800427e       0x38 ./Drivers/STM32F4xx_HAL_Driver/Src/stm32f4xx_hal_cortex.o
                0x000000000800427e                HAL_NVIC_SetPriority
 .text.HAL_NVIC_EnableIRQ
                0x00000000080042b6       0x1c ./Drivers/STM32F4xx_HAL_Driver/Src/stm32f4xx_hal_cortex.o
                0x00000000080042b6                HAL_NVIC_EnableIRQ
 .text.HAL_SYSTICK_Config
                0x00000000080042d2       0x18 ./Drivers/STM32F4xx_HAL_Driver/Src/stm32f4xx_hal_cortex.o
                0x00000000080042d2                HAL_SYSTICK_Config
 .text.HAL_SYSTICK_IRQHandler
                0x00000000080042ea        0xc ./Drivers/STM32F4xx_HAL_Driver/Src/stm32f4xx_hal_cortex.o
                0x00000000080042ea                HAL_SYSTICK_IRQHandler
 .text.HAL_SYSTICK_Callback
                0x00000000080042f6        0xe ./Drivers/STM32F4xx_HAL_Driver/Src/stm32f4xx_hal_cortex.o
                0x00000000080042f6                HAL_SYSTICK_Callback
 .text.HAL_DAC_Init
                0x0000000008004304       0x44 ./Drivers/STM32F4xx_HAL_Driver/Src/stm32f4xx_hal_dac.o
                0x0000000008004304                HAL_DAC_Init
 .text.HAL_DAC_Start
                0x0000000008004348       0xae ./Drivers/STM32F4xx_HAL_Driver/Src/stm32f4xx_hal_dac.o
                0x0000000008004348                HAL_DAC_Start
 .text.HAL_DAC_SetValue
                0x00000000080043f6       0x54 ./Drivers/STM32F4xx_HAL_Driver/Src/stm32f4xx_hal_dac.o
                0x00000000080043f6                HAL_DAC_SetValue
 .text.HAL_DAC_ConfigChannel
                0x000000000800444a       0xb2 ./Drivers/STM32F4xx_HAL_Driver/Src/stm32f4xx_hal_dac.o
                0x000000000800444a                HAL_DAC_ConfigChannel
 .text.HAL_DMA_Init
                0x00000000080044fc      0x15c ./Drivers/STM32F4xx_HAL_Driver/Src/stm32f4xx_hal_dma.o
                0x00000000080044fc                HAL_DMA_Init
 .text.HAL_DMA_Start_IT
                0x0000000008004658       0xb0 ./Drivers/STM32F4xx_HAL_Driver/Src/stm32f4xx_hal_dma.o
                0x0000000008004658                HAL_DMA_Start_IT
 .text.HAL_DMA_Abort
                0x0000000008004708       0xe0 ./Drivers/STM32F4xx_HAL_Driver/Src/stm32f4xx_hal_dma.o
                0x0000000008004708                HAL_DMA_Abort
 .text.HAL_DMA_Abort_IT
                0x00000000080047e8       0x44 ./Drivers/STM32F4xx_HAL_Driver/Src/stm32f4xx_hal_dma.o
                0x00000000080047e8                HAL_DMA_Abort_IT
 .text.HAL_DMA_IRQHandler
                0x000000000800482c      0x314 ./Drivers/STM32F4xx_HAL_Driver/Src/stm32f4xx_hal_dma.o
                0x000000000800482c                HAL_DMA_IRQHandler
 .text.DMA_SetConfig
                0x0000000008004b40       0x5c ./Drivers/STM32F4xx_HAL_Driver/Src/stm32f4xx_hal_dma.o
 .text.DMA_CalcBaseAndBitshift
                0x0000000008004b9c       0x6c ./Drivers/STM32F4xx_HAL_Driver/Src/stm32f4xx_hal_dma.o
 .text.DMA_CheckFifoParam
                0x0000000008004c08       0xf8 ./Drivers/STM32F4xx_HAL_Driver/Src/stm32f4xx_hal_dma.o
 .text.HAL_GPIO_Init
                0x0000000008004d00      0x338 ./Drivers/STM32F4xx_HAL_Driver/Src/stm32f4xx_hal_gpio.o
                0x0000000008004d00                HAL_GPIO_Init
 .text.HAL_GPIO_WritePin
                0x0000000008005038       0x32 ./Drivers/STM32F4xx_HAL_Driver/Src/stm32f4xx_hal_gpio.o
                0x0000000008005038                HAL_GPIO_WritePin
 *fill*         0x000000000800506a        0x2 
 .text.HAL_RCC_OscConfig
                0x000000000800506c      0x4f0 ./Drivers/STM32F4xx_HAL_Driver/Src/stm32f4xx_hal_rcc.o
                0x000000000800506c                HAL_RCC_OscConfig
 .text.HAL_RCC_ClockConfig
                0x000000000800555c      0x1cc ./Drivers/STM32F4xx_HAL_Driver/Src/stm32f4xx_hal_rcc.o
                0x000000000800555c                HAL_RCC_ClockConfig
 .text.HAL_RCC_GetSysClockFreq
                0x0000000008005728      0x20c ./Drivers/STM32F4xx_HAL_Driver/Src/stm32f4xx_hal_rcc.o
                0x0000000008005728                HAL_RCC_GetSysClockFreq
 .text.HAL_RCC_GetHCLKFreq
                0x0000000008005934       0x18 ./Drivers/STM32F4xx_HAL_Driver/Src/stm32f4xx_hal_rcc.o
                0x0000000008005934                HAL_RCC_GetHCLKFreq
 .text.HAL_RCC_GetPCLK1Freq
                0x000000000800594c       0x28 ./Drivers/STM32F4xx_HAL_Driver/Src/stm32f4xx_hal_rcc.o
                0x000000000800594c                HAL_RCC_GetPCLK1Freq
 .text.HAL_RCC_GetPCLK2Freq
                0x0000000008005974       0x28 ./Drivers/STM32F4xx_HAL_Driver/Src/stm32f4xx_hal_rcc.o
                0x0000000008005974                HAL_RCC_GetPCLK2Freq
 .text.HAL_SPI_Init
                0x000000000800599c      0x112 ./Drivers/STM32F4xx_HAL_Driver/Src/stm32f4xx_hal_spi.o
                0x000000000800599c                HAL_SPI_Init
 .text.HAL_SPI_Transmit
                0x0000000008005aae      0x286 ./Drivers/STM32F4xx_HAL_Driver/Src/stm32f4xx_hal_spi.o
                0x0000000008005aae                HAL_SPI_Transmit
 .text.HAL_SPI_TransmitReceive
                0x0000000008005d34      0x360 ./Drivers/STM32F4xx_HAL_Driver/Src/stm32f4xx_hal_spi.o
                0x0000000008005d34                HAL_SPI_TransmitReceive
 .text.SPI_WaitFlagStateUntilTimeout
                0x0000000008006094      0x110 ./Drivers/STM32F4xx_HAL_Driver/Src/stm32f4xx_hal_spi.o
 .text.SPI_EndRxTxTransaction
                0x00000000080061a4       0xa8 ./Drivers/STM32F4xx_HAL_Driver/Src/stm32f4xx_hal_spi.o
 .text.HAL_TIM_Base_Init
                0x000000000800624c       0x9e ./Drivers/STM32F4xx_HAL_Driver/Src/stm32f4xx_hal_tim.o
                0x000000000800624c                HAL_TIM_Base_Init
 *fill*         0x00000000080062ea        0x2 
 .text.HAL_TIM_Base_Start_IT
                0x00000000080062ec       0xe0 ./Drivers/STM32F4xx_HAL_Driver/Src/stm32f4xx_hal_tim.o
                0x00000000080062ec                HAL_TIM_Base_Start_IT
 .text.HAL_TIM_IRQHandler
                0x00000000080063cc      0x1e0 ./Drivers/STM32F4xx_HAL_Driver/Src/stm32f4xx_hal_tim.o
                0x00000000080063cc                HAL_TIM_IRQHandler
 .text.HAL_TIM_ConfigClockSource
                0x00000000080065ac      0x18e ./Drivers/STM32F4xx_HAL_Driver/Src/stm32f4xx_hal_tim.o
                0x00000000080065ac                HAL_TIM_ConfigClockSource
 .text.HAL_TIM_OC_DelayElapsedCallback
                0x000000000800673a       0x14 ./Drivers/STM32F4xx_HAL_Driver/Src/stm32f4xx_hal_tim.o
                0x000000000800673a                HAL_TIM_OC_DelayElapsedCallback
 .text.HAL_TIM_IC_CaptureCallback
                0x000000000800674e       0x14 ./Drivers/STM32F4xx_HAL_Driver/Src/stm32f4xx_hal_tim.o
                0x000000000800674e                HAL_TIM_IC_CaptureCallback
 .text.HAL_TIM_PWM_PulseFinishedCallback
                0x0000000008006762       0x14 ./Drivers/STM32F4xx_HAL_Driver/Src/stm32f4xx_hal_tim.o
                0x0000000008006762                HAL_TIM_PWM_PulseFinishedCallback
 .text.HAL_TIM_TriggerCallback
                0x0000000008006776       0x14 ./Drivers/STM32F4xx_HAL_Driver/Src/stm32f4xx_hal_tim.o
                0x0000000008006776                HAL_TIM_TriggerCallback
 *fill*         0x000000000800678a        0x2 
 .text.TIM_Base_SetConfig
                0x000000000800678c      0x158 ./Drivers/STM32F4xx_HAL_Driver/Src/stm32f4xx_hal_tim.o
                0x000000000800678c                TIM_Base_SetConfig
 .text.TIM_TI1_ConfigInputStage
                0x00000000080068e4       0x5e ./Drivers/STM32F4xx_HAL_Driver/Src/stm32f4xx_hal_tim.o
 .text.TIM_TI2_ConfigInputStage
                0x0000000008006942       0x60 ./Drivers/STM32F4xx_HAL_Driver/Src/stm32f4xx_hal_tim.o
 .text.TIM_ITRx_SetConfig
                0x00000000080069a2       0x36 ./Drivers/STM32F4xx_HAL_Driver/Src/stm32f4xx_hal_tim.o
 .text.TIM_ETR_SetConfig
                0x00000000080069d8       0x40 ./Drivers/STM32F4xx_HAL_Driver/Src/stm32f4xx_hal_tim.o
                0x00000000080069d8                TIM_ETR_SetConfig
 .text.HAL_TIMEx_MasterConfigSynchronization
                0x0000000008006a18       0xf8 ./Drivers/STM32F4xx_HAL_Driver/Src/stm32f4xx_hal_tim_ex.o
                0x0000000008006a18                HAL_TIMEx_MasterConfigSynchronization
 .text.HAL_TIMEx_CommutCallback
                0x0000000008006b10       0x14 ./Drivers/STM32F4xx_HAL_Driver/Src/stm32f4xx_hal_tim_ex.o
                0x0000000008006b10                HAL_TIMEx_CommutCallback
 .text.HAL_TIMEx_BreakCallback
                0x0000000008006b24       0x14 ./Drivers/STM32F4xx_HAL_Driver/Src/stm32f4xx_hal_tim_ex.o
                0x0000000008006b24                HAL_TIMEx_BreakCallback
 .text.HAL_UART_Init
                0x0000000008006b38       0xa0 ./Drivers/STM32F4xx_HAL_Driver/Src/stm32f4xx_hal_uart.o
                0x0000000008006b38                HAL_UART_Init
 .text.HAL_UART_Transmit
                0x0000000008006bd8      0x116 ./Drivers/STM32F4xx_HAL_Driver/Src/stm32f4xx_hal_uart.o
                0x0000000008006bd8                HAL_UART_Transmit
 .text.HAL_UART_Receive_IT
                0x0000000008006cee       0x4a ./Drivers/STM32F4xx_HAL_Driver/Src/stm32f4xx_hal_uart.o
                0x0000000008006cee                HAL_UART_Receive_IT
 .text.HAL_UART_IRQHandler
                0x0000000008006d38      0x524 ./Drivers/STM32F4xx_HAL_Driver/Src/stm32f4xx_hal_uart.o
                0x0000000008006d38                HAL_UART_IRQHandler
 .text.HAL_UART_TxCpltCallback
                0x000000000800725c       0x14 ./Drivers/STM32F4xx_HAL_Driver/Src/stm32f4xx_hal_uart.o
                0x000000000800725c                HAL_UART_TxCpltCallback
 .text.HAL_UART_ErrorCallback
                0x0000000008007270       0x14 ./Drivers/STM32F4xx_HAL_Driver/Src/stm32f4xx_hal_uart.o
                0x0000000008007270                HAL_UART_ErrorCallback
 .text.HAL_UARTEx_RxEventCallback
                0x0000000008007284       0x18 ./Drivers/STM32F4xx_HAL_Driver/Src/stm32f4xx_hal_uart.o
                0x0000000008007284                HAL_UARTEx_RxEventCallback
 .text.UART_WaitOnFlagUntilTimeout
                0x000000000800729c       0xb2 ./Drivers/STM32F4xx_HAL_Driver/Src/stm32f4xx_hal_uart.o
 .text.UART_Start_Receive_IT
                0x000000000800734e       0x74 ./Drivers/STM32F4xx_HAL_Driver/Src/stm32f4xx_hal_uart.o
                0x000000000800734e                UART_Start_Receive_IT
 .text.UART_EndRxTransfer
                0x00000000080073c2       0xc6 ./Drivers/STM32F4xx_HAL_Driver/Src/stm32f4xx_hal_uart.o
 .text.UART_DMAAbortOnError
                0x0000000008007488       0x28 ./Drivers/STM32F4xx_HAL_Driver/Src/stm32f4xx_hal_uart.o
 .text.UART_Transmit_IT
                0x00000000080074b0       0xa0 ./Drivers/STM32F4xx_HAL_Driver/Src/stm32f4xx_hal_uart.o
 .text.UART_EndTransmit_IT
                0x0000000008007550       0x30 ./Drivers/STM32F4xx_HAL_Driver/Src/stm32f4xx_hal_uart.o
 .text.UART_Receive_IT
                0x0000000008007580      0x17c ./Drivers/STM32F4xx_HAL_Driver/Src/stm32f4xx_hal_uart.o
 .text.UART_SetConfig
                0x00000000080076fc      0x4e8 ./Drivers/STM32F4xx_HAL_Driver/Src/stm32f4xx_hal_uart.o
 .text.MX_FATFS_Init
                0x0000000008007be4       0x24 ./FATFS/App/fatfs.o
                0x0000000008007be4                MX_FATFS_Init
 .text.get_fattime
                0x0000000008007c08       0x10 ./FATFS/App/fatfs.o
                0x0000000008007c08                get_fattime
 .text.USER_initialize
                0x0000000008007c18       0x1c ./FATFS/Target/user_diskio.o
                0x0000000008007c18                USER_initialize
 .text.USER_status
                0x0000000008007c34       0x1c ./FATFS/Target/user_diskio.o
                0x0000000008007c34                USER_status
 .text.USER_read
                0x0000000008007c50       0x26 ./FATFS/Target/user_diskio.o
                0x0000000008007c50                USER_read
 .text.USER_write
                0x0000000008007c76       0x26 ./FATFS/Target/user_diskio.o
                0x0000000008007c76                USER_write
 .text.USER_ioctl
                0x0000000008007c9c       0x26 ./FATFS/Target/user_diskio.o
                0x0000000008007c9c                USER_ioctl
 *fill*         0x0000000008007cc2        0x2 
 .text.disk_status
                0x0000000008007cc4       0x34 ./Middlewares/Third_Party/FatFs/src/diskio.o
                0x0000000008007cc4                disk_status
 .text.disk_initialize
                0x0000000008007cf8       0x50 ./Middlewares/Third_Party/FatFs/src/diskio.o
                0x0000000008007cf8                disk_initialize
 .text.disk_read
                0x0000000008007d48       0x40 ./Middlewares/Third_Party/FatFs/src/diskio.o
                0x0000000008007d48                disk_read
 .text.disk_write
                0x0000000008007d88       0x40 ./Middlewares/Third_Party/FatFs/src/diskio.o
                0x0000000008007d88                disk_write
 .text.disk_ioctl
                0x0000000008007dc8       0x3c ./Middlewares/Third_Party/FatFs/src/diskio.o
                0x0000000008007dc8                disk_ioctl
 .text.ld_word  0x0000000008007e04       0x30 ./Middlewares/Third_Party/FatFs/src/ff.o
 .text.ld_dword
                0x0000000008007e34       0x46 ./Middlewares/Third_Party/FatFs/src/ff.o
 .text.st_word  0x0000000008007e7a       0x36 ./Middlewares/Third_Party/FatFs/src/ff.o
 .text.st_dword
                0x0000000008007eb0       0x58 ./Middlewares/Third_Party/FatFs/src/ff.o
 .text.mem_cpy  0x0000000008007f08       0x42 ./Middlewares/Third_Party/FatFs/src/ff.o
 .text.mem_set  0x0000000008007f4a       0x36 ./Middlewares/Third_Party/FatFs/src/ff.o
 .text.mem_cmp  0x0000000008007f80       0x4e ./Middlewares/Third_Party/FatFs/src/ff.o
 .text.chk_chr  0x0000000008007fce       0x36 ./Middlewares/Third_Party/FatFs/src/ff.o
 .text.chk_lock
                0x0000000008008004       0xb8 ./Middlewares/Third_Party/FatFs/src/ff.o
 .text.enq_lock
                0x00000000080080bc       0x44 ./Middlewares/Third_Party/FatFs/src/ff.o
 .text.inc_lock
                0x0000000008008100      0x11c ./Middlewares/Third_Party/FatFs/src/ff.o
 .text.dec_lock
                0x000000000800821c       0x78 ./Middlewares/Third_Party/FatFs/src/ff.o
 .text.clear_lock
                0x0000000008008294       0x48 ./Middlewares/Third_Party/FatFs/src/ff.o
 .text.sync_window
                0x00000000080082dc       0x88 ./Middlewares/Third_Party/FatFs/src/ff.o
 .text.move_window
                0x0000000008008364       0x5a ./Middlewares/Third_Party/FatFs/src/ff.o
 *fill*         0x00000000080083be        0x2 
 .text.sync_fs  0x00000000080083c0       0xe0 ./Middlewares/Third_Party/FatFs/src/ff.o
 .text.clust2sect
                0x00000000080084a0       0x3e ./Middlewares/Third_Party/FatFs/src/ff.o
 .text.get_fat  0x00000000080084de      0x1a8 ./Middlewares/Third_Party/FatFs/src/ff.o
 .text.put_fat  0x0000000008008686      0x234 ./Middlewares/Third_Party/FatFs/src/ff.o
 .text.remove_chain
                0x00000000080088ba       0xca ./Middlewares/Third_Party/FatFs/src/ff.o
 .text.create_chain
                0x0000000008008984      0x130 ./Middlewares/Third_Party/FatFs/src/ff.o
 .text.clmt_clust
                0x0000000008008ab4       0x70 ./Middlewares/Third_Party/FatFs/src/ff.o
 .text.dir_sdi  0x0000000008008b24      0x112 ./Middlewares/Third_Party/FatFs/src/ff.o
 .text.dir_next
                0x0000000008008c36      0x1ac ./Middlewares/Third_Party/FatFs/src/ff.o
 .text.dir_alloc
                0x0000000008008de2       0x8e ./Middlewares/Third_Party/FatFs/src/ff.o
 .text.ld_clust
                0x0000000008008e70       0x3e ./Middlewares/Third_Party/FatFs/src/ff.o
 .text.st_clust
                0x0000000008008eae       0x40 ./Middlewares/Third_Party/FatFs/src/ff.o
 *fill*         0x0000000008008eee        0x2 
 .text.cmp_lfn  0x0000000008008ef0       0xe0 ./Middlewares/Third_Party/FatFs/src/ff.o
 .text.put_lfn  0x0000000008008fd0       0xd0 ./Middlewares/Third_Party/FatFs/src/ff.o
 .text.gen_numname
                0x00000000080090a0      0x11c ./Middlewares/Third_Party/FatFs/src/ff.o
 .text.sum_sfn  0x00000000080091bc       0x42 ./Middlewares/Third_Party/FatFs/src/ff.o
 .text.dir_find
                0x00000000080091fe      0x180 ./Middlewares/Third_Party/FatFs/src/ff.o
 *fill*         0x000000000800937e        0x2 
 .text.dir_register
                0x0000000008009380      0x1f0 ./Middlewares/Third_Party/FatFs/src/ff.o
 .text.create_name
                0x0000000008009570      0x370 ./Middlewares/Third_Party/FatFs/src/ff.o
 .text.follow_path
                0x00000000080098e0       0xec ./Middlewares/Third_Party/FatFs/src/ff.o
 .text.get_ldnumber
                0x00000000080099cc       0x88 ./Middlewares/Third_Party/FatFs/src/ff.o
 .text.check_fs
                0x0000000008009a54       0xac ./Middlewares/Third_Party/FatFs/src/ff.o
 .text.find_volume
                0x0000000008009b00      0x50c ./Middlewares/Third_Party/FatFs/src/ff.o
 .text.validate
                0x000000000800a00c       0x6a ./Middlewares/Third_Party/FatFs/src/ff.o
 *fill*         0x000000000800a076        0x2 
 .text.f_mount  0x000000000800a078       0x8c ./Middlewares/Third_Party/FatFs/src/ff.o
                0x000000000800a078                f_mount
 .text.f_open   0x000000000800a104      0x398 ./Middlewares/Third_Party/FatFs/src/ff.o
                0x000000000800a104                f_open
 .text.f_write  0x000000000800a49c      0x328 ./Middlewares/Third_Party/FatFs/src/ff.o
                0x000000000800a49c                f_write
 .text.f_sync   0x000000000800a7c4       0xfc ./Middlewares/Third_Party/FatFs/src/ff.o
                0x000000000800a7c4                f_sync
 .text.f_close  0x000000000800a8c0       0x54 ./Middlewares/Third_Party/FatFs/src/ff.o
                0x000000000800a8c0                f_close
 .text.putc_bfd
                0x000000000800a914       0x7a ./Middlewares/Third_Party/FatFs/src/ff.o
 .text.putc_flush
                0x000000000800a98e       0x4a ./Middlewares/Third_Party/FatFs/src/ff.o
 .text.putc_init
                0x000000000800a9d8       0x2a ./Middlewares/Third_Party/FatFs/src/ff.o
 .text.f_puts   0x000000000800aa02       0x48 ./Middlewares/Third_Party/FatFs/src/ff.o
                0x000000000800aa02                f_puts
 *fill*         0x000000000800aa4a        0x2 
 .text.FATFS_LinkDriverEx
                0x000000000800aa4c       0x98 ./Middlewares/Third_Party/FatFs/src/ff_gen_drv.o
                0x000000000800aa4c                FATFS_LinkDriverEx
 .text.FATFS_LinkDriver
                0x000000000800aae4       0x1e ./Middlewares/Third_Party/FatFs/src/ff_gen_drv.o
                0x000000000800aae4                FATFS_LinkDriver
 *fill*         0x000000000800ab02        0x2 
 .text.ff_convert
                0x000000000800ab04       0x78 ./Middlewares/Third_Party/FatFs/src/option/ccsbcs.o
                0x000000000800ab04                ff_convert
 .text.ff_wtoupper
                0x000000000800ab7c      0x114 ./Middlewares/Third_Party/FatFs/src/option/ccsbcs.o
                0x000000000800ab7c                ff_wtoupper
 .text.malloc   0x000000000800ac90       0x10 C:/ST/STM32CubeIDE_1.14.1/STM32CubeIDE/plugins/com.st.stm32cube.ide.mcu.externaltools.gnu-tools-for-stm32.11.3.rel1.win32_1.1.100.202309141235/tools/bin/../lib/gcc/arm-none-eabi/11.3.1/../../../../arm-none-eabi/lib/thumb/v7e-m+fp/hard\libc_nano.a(libc_a-malloc.o)
                0x000000000800ac90                malloc
 .text.free     0x000000000800aca0       0x10 C:/ST/STM32CubeIDE_1.14.1/STM32CubeIDE/plugins/com.st.stm32cube.ide.mcu.externaltools.gnu-tools-for-stm32.11.3.rel1.win32_1.1.100.202309141235/tools/bin/../lib/gcc/arm-none-eabi/11.3.1/../../../../arm-none-eabi/lib/thumb/v7e-m+fp/hard\libc_nano.a(libc_a-malloc.o)
                0x000000000800aca0                free
 .text.sbrk_aligned
                0x000000000800acb0       0x40 C:/ST/STM32CubeIDE_1.14.1/STM32CubeIDE/plugins/com.st.stm32cube.ide.mcu.externaltools.gnu-tools-for-stm32.11.3.rel1.win32_1.1.100.202309141235/tools/bin/../lib/gcc/arm-none-eabi/11.3.1/../../../../arm-none-eabi/lib/thumb/v7e-m+fp/hard\libc_nano.a(libc_a-mallocr.o)
 .text._malloc_r
                0x000000000800acf0      0x100 C:/ST/STM32CubeIDE_1.14.1/STM32CubeIDE/plugins/com.st.stm32cube.ide.mcu.externaltools.gnu-tools-for-stm32.11.3.rel1.win32_1.1.100.202309141235/tools/bin/../lib/gcc/arm-none-eabi/11.3.1/../../../../arm-none-eabi/lib/thumb/v7e-m+fp/hard\libc_nano.a(libc_a-mallocr.o)
                0x000000000800acf0                _malloc_r
 .text.__malloc_lock
                0x000000000800adf0        0xc C:/ST/STM32CubeIDE_1.14.1/STM32CubeIDE/plugins/com.st.stm32cube.ide.mcu.externaltools.gnu-tools-for-stm32.11.3.rel1.win32_1.1.100.202309141235/tools/bin/../lib/gcc/arm-none-eabi/11.3.1/../../../../arm-none-eabi/lib/thumb/v7e-m+fp/hard\libc_nano.a(libc_a-mlock.o)
                0x000000000800adf0                __malloc_lock
 .text.__malloc_unlock
                0x000000000800adfc        0xc C:/ST/STM32CubeIDE_1.14.1/STM32CubeIDE/plugins/com.st.stm32cube.ide.mcu.externaltools.gnu-tools-for-stm32.11.3.rel1.win32_1.1.100.202309141235/tools/bin/../lib/gcc/arm-none-eabi/11.3.1/../../../../arm-none-eabi/lib/thumb/v7e-m+fp/hard\libc_nano.a(libc_a-mlock.o)
                0x000000000800adfc                __malloc_unlock
 .text.sprintf  0x000000000800ae08       0x40 C:/ST/STM32CubeIDE_1.14.1/STM32CubeIDE/plugins/com.st.stm32cube.ide.mcu.externaltools.gnu-tools-for-stm32.11.3.rel1.win32_1.1.100.202309141235/tools/bin/../lib/gcc/arm-none-eabi/11.3.1/../../../../arm-none-eabi/lib/thumb/v7e-m+fp/hard\libc_nano.a(libc_a-sprintf.o)
                0x000000000800ae08                siprintf
                0x000000000800ae08                sprintf
 .text.memset   0x000000000800ae48       0x10 C:/ST/STM32CubeIDE_1.14.1/STM32CubeIDE/plugins/com.st.stm32cube.ide.mcu.externaltools.gnu-tools-for-stm32.11.3.rel1.win32_1.1.100.202309141235/tools/bin/../lib/gcc/arm-none-eabi/11.3.1/../../../../arm-none-eabi/lib/thumb/v7e-m+fp/hard\libc_nano.a(libc_a-memset.o)
                0x000000000800ae48                memset
 .text._sbrk_r  0x000000000800ae58       0x20 C:/ST/STM32CubeIDE_1.14.1/STM32CubeIDE/plugins/com.st.stm32cube.ide.mcu.externaltools.gnu-tools-for-stm32.11.3.rel1.win32_1.1.100.202309141235/tools/bin/../lib/gcc/arm-none-eabi/11.3.1/../../../../arm-none-eabi/lib/thumb/v7e-m+fp/hard\libc_nano.a(libc_a-sbrkr.o)
                0x000000000800ae58                _sbrk_r
 .text.__errno  0x000000000800ae78        0xc C:/ST/STM32CubeIDE_1.14.1/STM32CubeIDE/plugins/com.st.stm32cube.ide.mcu.externaltools.gnu-tools-for-stm32.11.3.rel1.win32_1.1.100.202309141235/tools/bin/../lib/gcc/arm-none-eabi/11.3.1/../../../../arm-none-eabi/lib/thumb/v7e-m+fp/hard\libc_nano.a(libc_a-errno.o)
                0x000000000800ae78                __errno
 .text.__libc_init_array
                0x000000000800ae84       0x48 C:/ST/STM32CubeIDE_1.14.1/STM32CubeIDE/plugins/com.st.stm32cube.ide.mcu.externaltools.gnu-tools-for-stm32.11.3.rel1.win32_1.1.100.202309141235/tools/bin/../lib/gcc/arm-none-eabi/11.3.1/../../../../arm-none-eabi/lib/thumb/v7e-m+fp/hard\libc_nano.a(libc_a-init.o)
                0x000000000800ae84                __libc_init_array
 .text.__retarget_lock_acquire_recursive
                0x000000000800aecc        0x2 C:/ST/STM32CubeIDE_1.14.1/STM32CubeIDE/plugins/com.st.stm32cube.ide.mcu.externaltools.gnu-tools-for-stm32.11.3.rel1.win32_1.1.100.202309141235/tools/bin/../lib/gcc/arm-none-eabi/11.3.1/../../../../arm-none-eabi/lib/thumb/v7e-m+fp/hard\libc_nano.a(libc_a-lock.o)
                0x000000000800aecc                __retarget_lock_acquire_recursive
 .text.__retarget_lock_release_recursive
                0x000000000800aece        0x2 C:/ST/STM32CubeIDE_1.14.1/STM32CubeIDE/plugins/com.st.stm32cube.ide.mcu.externaltools.gnu-tools-for-stm32.11.3.rel1.win32_1.1.100.202309141235/tools/bin/../lib/gcc/arm-none-eabi/11.3.1/../../../../arm-none-eabi/lib/thumb/v7e-m+fp/hard\libc_nano.a(libc_a-lock.o)
                0x000000000800aece                __retarget_lock_release_recursive
 .text._free_r  0x000000000800aed0       0x98 C:/ST/STM32CubeIDE_1.14.1/STM32CubeIDE/plugins/com.st.stm32cube.ide.mcu.externaltools.gnu-tools-for-stm32.11.3.rel1.win32_1.1.100.202309141235/tools/bin/../lib/gcc/arm-none-eabi/11.3.1/../../../../arm-none-eabi/lib/thumb/v7e-m+fp/hard\libc_nano.a(libc_a-freer.o)
                0x000000000800aed0                _free_r
 .text.__ssputs_r
                0x000000000800af68       0xb4 C:/ST/STM32CubeIDE_1.14.1/STM32CubeIDE/plugins/com.st.stm32cube.ide.mcu.externaltools.gnu-tools-for-stm32.11.3.rel1.win32_1.1.100.202309141235/tools/bin/../lib/gcc/arm-none-eabi/11.3.1/../../../../arm-none-eabi/lib/thumb/v7e-m+fp/hard\libc_nano.a(libc_a-nano-svfprintf.o)
                0x000000000800af68                __ssputs_r
 .text._svfprintf_r
                0x000000000800b01c      0x1fc C:/ST/STM32CubeIDE_1.14.1/STM32CubeIDE/plugins/com.st.stm32cube.ide.mcu.externaltools.gnu-tools-for-stm32.11.3.rel1.win32_1.1.100.202309141235/tools/bin/../lib/gcc/arm-none-eabi/11.3.1/../../../../arm-none-eabi/lib/thumb/v7e-m+fp/hard\libc_nano.a(libc_a-nano-svfprintf.o)
                0x000000000800b01c                _svfiprintf_r
                0x000000000800b01c                _svfprintf_r
 .text._printf_common
                0x000000000800b218       0xda C:/ST/STM32CubeIDE_1.14.1/STM32CubeIDE/plugins/com.st.stm32cube.ide.mcu.externaltools.gnu-tools-for-stm32.11.3.rel1.win32_1.1.100.202309141235/tools/bin/../lib/gcc/arm-none-eabi/11.3.1/../../../../arm-none-eabi/lib/thumb/v7e-m+fp/hard\libc_nano.a(libc_a-nano-vfprintf_i.o)
                0x000000000800b218                _printf_common
 *fill*         0x000000000800b2f2        0x2 
 .text._printf_i
                0x000000000800b2f4      0x244 C:/ST/STM32CubeIDE_1.14.1/STM32CubeIDE/plugins/com.st.stm32cube.ide.mcu.externaltools.gnu-tools-for-stm32.11.3.rel1.win32_1.1.100.202309141235/tools/bin/../lib/gcc/arm-none-eabi/11.3.1/../../../../arm-none-eabi/lib/thumb/v7e-m+fp/hard\libc_nano.a(libc_a-nano-vfprintf_i.o)
                0x000000000800b2f4                _printf_i
 .text.memmove  0x000000000800b538       0x34 C:/ST/STM32CubeIDE_1.14.1/STM32CubeIDE/plugins/com.st.stm32cube.ide.mcu.externaltools.gnu-tools-for-stm32.11.3.rel1.win32_1.1.100.202309141235/tools/bin/../lib/gcc/arm-none-eabi/11.3.1/../../../../arm-none-eabi/lib/thumb/v7e-m+fp/hard\libc_nano.a(libc_a-memmove.o)
                0x000000000800b538                memmove
 .text.memcpy   0x000000000800b56c       0x1c C:/ST/STM32CubeIDE_1.14.1/STM32CubeIDE/plugins/com.st.stm32cube.ide.mcu.externaltools.gnu-tools-for-stm32.11.3.rel1.win32_1.1.100.202309141235/tools/bin/../lib/gcc/arm-none-eabi/11.3.1/../../../../arm-none-eabi/lib/thumb/v7e-m+fp/hard\libc_nano.a(libc_a-memcpy-stub.o)
                0x000000000800b56c                memcpy
 .text._realloc_r
                0x000000000800b588       0x5e C:/ST/STM32CubeIDE_1.14.1/STM32CubeIDE/plugins/com.st.stm32cube.ide.mcu.externaltools.gnu-tools-for-stm32.11.3.rel1.win32_1.1.100.202309141235/tools/bin/../lib/gcc/arm-none-eabi/11.3.1/../../../../arm-none-eabi/lib/thumb/v7e-m+fp/hard\libc_nano.a(libc_a-reallocr.o)
                0x000000000800b588                _realloc_r
 .text._malloc_usable_size_r
                0x000000000800b5e6       0x10 C:/ST/STM32CubeIDE_1.14.1/STM32CubeIDE/plugins/com.st.stm32cube.ide.mcu.externaltools.gnu-tools-for-stm32.11.3.rel1.win32_1.1.100.202309141235/tools/bin/../lib/gcc/arm-none-eabi/11.3.1/../../../../arm-none-eabi/lib/thumb/v7e-m+fp/hard\libc_nano.a(libc_a-msizer.o)
                0x000000000800b5e6                _malloc_usable_size_r
 .text.sqrt     0x000000000800b5f6       0x58 C:/ST/STM32CubeIDE_1.14.1/STM32CubeIDE/plugins/com.st.stm32cube.ide.mcu.externaltools.gnu-tools-for-stm32.11.3.rel1.win32_1.1.100.202309141235/tools/bin/../lib/gcc/arm-none-eabi/11.3.1/../../../../arm-none-eabi/lib/thumb/v7e-m+fp/hard\libm.a(libm_a-w_sqrt.o)
                0x000000000800b5f6                sqrt
 *fill*         0x000000000800b64e        0x2 
 .text.__ieee754_sqrt
                0x000000000800b650      0x1b4 C:/ST/STM32CubeIDE_1.14.1/STM32CubeIDE/plugins/com.st.stm32cube.ide.mcu.externaltools.gnu-tools-for-stm32.11.3.rel1.win32_1.1.100.202309141235/tools/bin/../lib/gcc/arm-none-eabi/11.3.1/../../../../arm-none-eabi/lib/thumb/v7e-m+fp/hard\libm.a(libm_a-e_sqrt.o)
                0x000000000800b650                __ieee754_sqrt
 *(.glue_7)
 .glue_7        0x000000000800b804        0x0 linker stubs
 *(.glue_7t)
 .glue_7t       0x000000000800b804        0x0 linker stubs
 *(.eh_frame)
 .eh_frame      0x000000000800b804        0x0 C:/ST/STM32CubeIDE_1.14.1/STM32CubeIDE/plugins/com.st.stm32cube.ide.mcu.externaltools.gnu-tools-for-stm32.11.3.rel1.win32_1.1.100.202309141235/tools/bin/../lib/gcc/arm-none-eabi/11.3.1/thumb/v7e-m+fp/hard/crtbegin.o
 *(.init)
 .init          0x000000000800b804        0x4 C:/ST/STM32CubeIDE_1.14.1/STM32CubeIDE/plugins/com.st.stm32cube.ide.mcu.externaltools.gnu-tools-for-stm32.11.3.rel1.win32_1.1.100.202309141235/tools/bin/../lib/gcc/arm-none-eabi/11.3.1/thumb/v7e-m+fp/hard/crti.o
                0x000000000800b804                _init
 .init          0x000000000800b808        0x8 C:/ST/STM32CubeIDE_1.14.1/STM32CubeIDE/plugins/com.st.stm32cube.ide.mcu.externaltools.gnu-tools-for-stm32.11.3.rel1.win32_1.1.100.202309141235/tools/bin/../lib/gcc/arm-none-eabi/11.3.1/thumb/v7e-m+fp/hard/crtn.o
 *(.fini)
 .fini          0x000000000800b810        0x4 C:/ST/STM32CubeIDE_1.14.1/STM32CubeIDE/plugins/com.st.stm32cube.ide.mcu.externaltools.gnu-tools-for-stm32.11.3.rel1.win32_1.1.100.202309141235/tools/bin/../lib/gcc/arm-none-eabi/11.3.1/thumb/v7e-m+fp/hard/crti.o
                0x000000000800b810                _fini
 .fini          0x000000000800b814        0x8 C:/ST/STM32CubeIDE_1.14.1/STM32CubeIDE/plugins/com.st.stm32cube.ide.mcu.externaltools.gnu-tools-for-stm32.11.3.rel1.win32_1.1.100.202309141235/tools/bin/../lib/gcc/arm-none-eabi/11.3.1/thumb/v7e-m+fp/hard/crtn.o
                0x000000000800b81c                . = ALIGN (0x4)
                0x000000000800b81c                _etext = .

.vfp11_veneer   0x000000000800b81c        0x0
 .vfp11_veneer  0x000000000800b81c        0x0 linker stubs

.v4_bx          0x000000000800b81c        0x0
 .v4_bx         0x000000000800b81c        0x0 linker stubs

.iplt           0x000000000800b81c        0x0
 .iplt          0x000000000800b81c        0x0 C:/ST/STM32CubeIDE_1.14.1/STM32CubeIDE/plugins/com.st.stm32cube.ide.mcu.externaltools.gnu-tools-for-stm32.11.3.rel1.win32_1.1.100.202309141235/tools/bin/../lib/gcc/arm-none-eabi/11.3.1/thumb/v7e-m+fp/hard/crtbegin.o

.rodata         0x000000000800b81c      0x658
                0x000000000800b81c                . = ALIGN (0x4)
 *(.rodata)
 .rodata        0x000000000800b81c      0x17a ./Core/Src/main.o
 *fill*         0x000000000800b996        0x2 
 .rodata        0x000000000800b998       0x48 ./Middlewares/Third_Party/FatFs/src/ff.o
 *(.rodata*)
 .rodata.AHBPrescTable
                0x000000000800b9e0       0x10 ./Core/Src/system_stm32f4xx.o
                0x000000000800b9e0                AHBPrescTable
 .rodata.APBPrescTable
                0x000000000800b9f0        0x8 ./Core/Src/system_stm32f4xx.o
                0x000000000800b9f0                APBPrescTable
 .rodata.flagBitshiftOffset.0
                0x000000000800b9f8        0x8 ./Drivers/STM32F4xx_HAL_Driver/Src/stm32f4xx_hal_dma.o
 .rodata.ExCvt  0x000000000800ba00       0x80 ./Middlewares/Third_Party/FatFs/src/ff.o
 .rodata.LfnOfs
                0x000000000800ba80        0xd ./Middlewares/Third_Party/FatFs/src/ff.o
 *fill*         0x000000000800ba8d        0x3 
 .rodata.Tbl    0x000000000800ba90      0x100 ./Middlewares/Third_Party/FatFs/src/option/ccsbcs.o
 .rodata.cvt1.1
                0x000000000800bb90      0x1f2 ./Middlewares/Third_Party/FatFs/src/option/ccsbcs.o
 *fill*         0x000000000800bd82        0x2 
 .rodata.cvt2.0
                0x000000000800bd84       0xbc ./Middlewares/Third_Party/FatFs/src/option/ccsbcs.o
 .rodata._svfprintf_r.str1.1
                0x000000000800be40       0x11 C:/ST/STM32CubeIDE_1.14.1/STM32CubeIDE/plugins/com.st.stm32cube.ide.mcu.externaltools.gnu-tools-for-stm32.11.3.rel1.win32_1.1.100.202309141235/tools/bin/../lib/gcc/arm-none-eabi/11.3.1/../../../../arm-none-eabi/lib/thumb/v7e-m+fp/hard\libc_nano.a(libc_a-nano-svfprintf.o)
 .rodata._printf_i.str1.1
                0x000000000800be51       0x22 C:/ST/STM32CubeIDE_1.14.1/STM32CubeIDE/plugins/com.st.stm32cube.ide.mcu.externaltools.gnu-tools-for-stm32.11.3.rel1.win32_1.1.100.202309141235/tools/bin/../lib/gcc/arm-none-eabi/11.3.1/../../../../arm-none-eabi/lib/thumb/v7e-m+fp/hard\libc_nano.a(libc_a-nano-vfprintf_i.o)
                0x000000000800be74                . = ALIGN (0x4)
 *fill*         0x000000000800be73        0x1 

.ARM.extab      0x000000000800be74        0x0
                0x000000000800be74                . = ALIGN (0x4)
 *(.ARM.extab* .gnu.linkonce.armextab.*)
                0x000000000800be74                . = ALIGN (0x4)

.ARM            0x000000000800be74        0x8
                0x000000000800be74                . = ALIGN (0x4)
                0x000000000800be74                __exidx_start = .
 *(.ARM.exidx*)
 .ARM.exidx     0x000000000800be74        0x8 C:/ST/STM32CubeIDE_1.14.1/STM32CubeIDE/plugins/com.st.stm32cube.ide.mcu.externaltools.gnu-tools-for-stm32.11.3.rel1.win32_1.1.100.202309141235/tools/bin/../lib/gcc/arm-none-eabi/11.3.1/thumb/v7e-m+fp/hard\libgcc.a(_udivmoddi4.o)
                0x000000000800be7c                __exidx_end = .
                0x000000000800be7c                . = ALIGN (0x4)

.rel.dyn        0x000000000800be7c        0x0
 .rel.iplt      0x000000000800be7c        0x0 C:/ST/STM32CubeIDE_1.14.1/STM32CubeIDE/plugins/com.st.stm32cube.ide.mcu.externaltools.gnu-tools-for-stm32.11.3.rel1.win32_1.1.100.202309141235/tools/bin/../lib/gcc/arm-none-eabi/11.3.1/thumb/v7e-m+fp/hard/crtbegin.o

.preinit_array  0x000000000800be7c        0x0
                0x000000000800be7c                . = ALIGN (0x4)
                0x000000000800be7c                PROVIDE (__preinit_array_start = .)
 *(.preinit_array*)
                0x000000000800be7c                PROVIDE (__preinit_array_end = .)
                0x000000000800be7c                . = ALIGN (0x4)

.init_array     0x000000000800be7c        0x4
                0x000000000800be7c                . = ALIGN (0x4)
                0x000000000800be7c                PROVIDE (__init_array_start = .)
 *(SORT_BY_NAME(.init_array.*))
 *(.init_array*)
 .init_array    0x000000000800be7c        0x4 C:/ST/STM32CubeIDE_1.14.1/STM32CubeIDE/plugins/com.st.stm32cube.ide.mcu.externaltools.gnu-tools-for-stm32.11.3.rel1.win32_1.1.100.202309141235/tools/bin/../lib/gcc/arm-none-eabi/11.3.1/thumb/v7e-m+fp/hard/crtbegin.o
                0x000000000800be80                PROVIDE (__init_array_end = .)
                0x000000000800be80                . = ALIGN (0x4)

.fini_array     0x000000000800be80        0x4
                0x000000000800be80                . = ALIGN (0x4)
                [!provide]                        PROVIDE (__fini_array_start = .)
 *(SORT_BY_NAME(.fini_array.*))
 *(.fini_array*)
 .fini_array    0x000000000800be80        0x4 C:/ST/STM32CubeIDE_1.14.1/STM32CubeIDE/plugins/com.st.stm32cube.ide.mcu.externaltools.gnu-tools-for-stm32.11.3.rel1.win32_1.1.100.202309141235/tools/bin/../lib/gcc/arm-none-eabi/11.3.1/thumb/v7e-m+fp/hard/crtbegin.o
                [!provide]                        PROVIDE (__fini_array_end = .)
                0x000000000800be84                . = ALIGN (0x4)
                0x000000000800be84                _sidata = LOADADDR (.data)

.data           0x0000000020000000       0x88 load address 0x000000000800be84
                0x0000000020000000                . = ALIGN (0x4)
                0x0000000020000000                _sdata = .
 *(.data)
 *(.data*)
 .data.Stat     0x0000000020000000        0x1 ./Core/Src/fatfs_sd.o
 *fill*         0x0000000020000001        0x3 
 .data.end_Command
                0x0000000020000004        0x3 ./Core/Src/main.o
                0x0000000020000004                end_Command
 *fill*         0x0000000020000007        0x1 
 .data.SystemCoreClock
                0x0000000020000008        0x4 ./Core/Src/system_stm32f4xx.o
                0x0000000020000008                SystemCoreClock
 .data.uwTickPrio
                0x000000002000000c        0x4 ./Drivers/STM32F4xx_HAL_Driver/Src/stm32f4xx_hal.o
                0x000000002000000c                uwTickPrio
 .data.uwTickFreq
                0x0000000020000010        0x1 ./Drivers/STM32F4xx_HAL_Driver/Src/stm32f4xx_hal.o
                0x0000000020000010                uwTickFreq
 *fill*         0x0000000020000011        0x3 
 .data.USER_Driver
                0x0000000020000014       0x14 ./FATFS/Target/user_diskio.o
                0x0000000020000014                USER_Driver
 .data._impure_data
                0x0000000020000028       0x4c C:/ST/STM32CubeIDE_1.14.1/STM32CubeIDE/plugins/com.st.stm32cube.ide.mcu.externaltools.gnu-tools-for-stm32.11.3.rel1.win32_1.1.100.202309141235/tools/bin/../lib/gcc/arm-none-eabi/11.3.1/../../../../arm-none-eabi/lib/thumb/v7e-m+fp/hard\libc_nano.a(libc_a-impure.o)
                0x0000000020000028                _impure_data
 .data._impure_ptr
                0x0000000020000074        0x4 C:/ST/STM32CubeIDE_1.14.1/STM32CubeIDE/plugins/com.st.stm32cube.ide.mcu.externaltools.gnu-tools-for-stm32.11.3.rel1.win32_1.1.100.202309141235/tools/bin/../lib/gcc/arm-none-eabi/11.3.1/../../../../arm-none-eabi/lib/thumb/v7e-m+fp/hard\libc_nano.a(libc_a-impure.o)
                0x0000000020000074                _impure_ptr
 .data.one      0x0000000020000078        0x8 C:/ST/STM32CubeIDE_1.14.1/STM32CubeIDE/plugins/com.st.stm32cube.ide.mcu.externaltools.gnu-tools-for-stm32.11.3.rel1.win32_1.1.100.202309141235/tools/bin/../lib/gcc/arm-none-eabi/11.3.1/../../../../arm-none-eabi/lib/thumb/v7e-m+fp/hard\libm.a(libm_a-e_sqrt.o)
 .data.tiny     0x0000000020000080        0x8 C:/ST/STM32CubeIDE_1.14.1/STM32CubeIDE/plugins/com.st.stm32cube.ide.mcu.externaltools.gnu-tools-for-stm32.11.3.rel1.win32_1.1.100.202309141235/tools/bin/../lib/gcc/arm-none-eabi/11.3.1/../../../../arm-none-eabi/lib/thumb/v7e-m+fp/hard\libm.a(libm_a-e_sqrt.o)
 *(.RamFunc)
 *(.RamFunc*)
                0x0000000020000088                . = ALIGN (0x4)
                0x0000000020000088                _edata = .
                0x000000000800bf0c                _siccmram = LOADADDR (.ccmram)

.igot.plt       0x0000000020000088        0x0 load address 0x000000000800bf0c
 .igot.plt      0x0000000020000088        0x0 C:/ST/STM32CubeIDE_1.14.1/STM32CubeIDE/plugins/com.st.stm32cube.ide.mcu.externaltools.gnu-tools-for-stm32.11.3.rel1.win32_1.1.100.202309141235/tools/bin/../lib/gcc/arm-none-eabi/11.3.1/thumb/v7e-m+fp/hard/crtbegin.o

.ccmram         0x0000000010000000        0x0 load address 0x000000000800bf0c
                0x0000000010000000                . = ALIGN (0x4)
                0x0000000010000000                _sccmram = .
 *(.ccmram)
 *(.ccmram*)
                0x0000000010000000                . = ALIGN (0x4)
                0x0000000010000000                _eccmram = .
                0x0000000010000000                . = ALIGN (0x4)

.bss            0x0000000020000088     0x2930
                0x0000000020000088                _sbss = .
                0x0000000020000088                __bss_start__ = _sbss
 *(.bss)
 .bss           0x0000000020000088       0x1c C:/ST/STM32CubeIDE_1.14.1/STM32CubeIDE/plugins/com.st.stm32cube.ide.mcu.externaltools.gnu-tools-for-stm32.11.3.rel1.win32_1.1.100.202309141235/tools/bin/../lib/gcc/arm-none-eabi/11.3.1/thumb/v7e-m+fp/hard/crtbegin.o
 *(.bss*)
 .bss.Timer1    0x00000000200000a4        0x2 ./Core/Src/fatfs_sd.o
                0x00000000200000a4                Timer1
 .bss.Timer2    0x00000000200000a6        0x2 ./Core/Src/fatfs_sd.o
                0x00000000200000a6                Timer2
 .bss.CardType  0x00000000200000a8        0x1 ./Core/Src/fatfs_sd.o
 .bss.PowerFlag
                0x00000000200000a9        0x1 ./Core/Src/fatfs_sd.o
 *fill*         0x00000000200000aa        0x2 
 .bss.hspi1     0x00000000200000ac       0x58 ./Core/Src/main.o
                0x00000000200000ac                hspi1
 .bss.fs        0x0000000020000104     0x1038 ./Core/Src/main.o
                0x0000000020000104                fs
 .bss.fil       0x000000002000113c     0x1030 ./Core/Src/main.o
                0x000000002000113c                fil
 .bss.fres      0x000000002000216c        0x1 ./Core/Src/main.o
                0x000000002000216c                fres
 *fill*         0x000000002000216d        0x3 
 .bss.hadc1     0x0000000020002170       0x48 ./Core/Src/main.o
                0x0000000020002170                hadc1
 .bss.hdma_adc1
                0x00000000200021b8       0x60 ./Core/Src/main.o
                0x00000000200021b8                hdma_adc1
 .bss.hdac      0x0000000020002218       0x14 ./Core/Src/main.o
                0x0000000020002218                hdac
 .bss.htim1     0x000000002000222c       0x48 ./Core/Src/main.o
                0x000000002000222c                htim1
 .bss.htim8     0x0000000020002274       0x48 ./Core/Src/main.o
                0x0000000020002274                htim8
 .bss.huart4    0x00000000200022bc       0x48 ./Core/Src/main.o
                0x00000000200022bc                huart4
 .bss.huart2    0x0000000020002304       0x48 ./Core/Src/main.o
                0x0000000020002304                huart2
 .bss.huart3    0x000000002000234c       0x48 ./Core/Src/main.o
                0x000000002000234c                huart3
 .bss.sec1      0x0000000020002394        0x4 ./Core/Src/main.o
                0x0000000020002394                sec1
 .bss.sec8      0x0000000020002398        0x4 ./Core/Src/main.o
                0x0000000020002398                sec8
 .bss.adc_Buffer
                0x000000002000239c       0x30 ./Core/Src/main.o
                0x000000002000239c                adc_Buffer
 .bss.adc1_Value
                0x00000000200023cc       0x30 ./Core/Src/main.o
                0x00000000200023cc                adc1_Value
 .bss.adc1_Square
                0x00000000200023fc       0x30 ./Core/Src/main.o
                0x00000000200023fc                adc1_Square
 .bss.adc1_Square_Root
                0x000000002000242c       0x30 ./Core/Src/main.o
                0x000000002000242c                adc1_Square_Root
 .bss.adc1_Mean
                0x000000002000245c       0x30 ./Core/Src/main.o
                0x000000002000245c                adc1_Mean
 .bss.k         0x000000002000248c        0x4 ./Core/Src/main.o
                0x000000002000248c                k
 .bss.count     0x0000000020002490        0x4 ./Core/Src/main.o
                0x0000000020002490                count
 .bss.sd_Flag   0x0000000020002494        0x4 ./Core/Src/main.o
                0x0000000020002494                sd_Flag
 .bss.I1L       0x0000000020002498        0x4 ./Core/Src/main.o
                0x0000000020002498                I1L
 .bss.I2L       0x000000002000249c        0x4 ./Core/Src/main.o
                0x000000002000249c                I2L
 .bss.I3L       0x00000000200024a0        0x4 ./Core/Src/main.o
                0x00000000200024a0                I3L
 .bss.V1L       0x00000000200024a4        0x4 ./Core/Src/main.o
                0x00000000200024a4                V1L
 .bss.V2L       0x00000000200024a8        0x4 ./Core/Src/main.o
                0x00000000200024a8                V2L
 .bss.V3L       0x00000000200024ac        0x4 ./Core/Src/main.o
                0x00000000200024ac                V3L
 .bss.V12L      0x00000000200024b0        0x4 ./Core/Src/main.o
                0x00000000200024b0                V12L
 .bss.V23L      0x00000000200024b4        0x4 ./Core/Src/main.o
                0x00000000200024b4                V23L
 .bss.V13L      0x00000000200024b8        0x4 ./Core/Src/main.o
                0x00000000200024b8                V13L
 .bss.I12L      0x00000000200024bc        0x4 ./Core/Src/main.o
                0x00000000200024bc                I12L
 .bss.I23L      0x00000000200024c0        0x4 ./Core/Src/main.o
                0x00000000200024c0                I23L
 .bss.I13L      0x00000000200024c4        0x4 ./Core/Src/main.o
                0x00000000200024c4                I13L
 .bss.bara_Arti
                0x00000000200024c8        0x4 ./Core/Src/main.o
                0x00000000200024c8                bara_Arti
 .bss.bara_Eksi
                0x00000000200024cc        0x4 ./Core/Src/main.o
                0x00000000200024cc                bara_Eksi
 .bss.Vout      0x00000000200024d0        0x4 ./Core/Src/main.o
                0x00000000200024d0                Vout
 .bss.t_sample  0x00000000200024d4        0x4 ./Core/Src/main.o
                0x00000000200024d4                t_sample
 .bss.akim      0x00000000200024d8        0x4 ./Core/Src/main.o
                0x00000000200024d8                akim
 .bss.Iout      0x00000000200024dc        0x4 ./Core/Src/main.o
                0x00000000200024dc                Iout
 .bss.Vin       0x00000000200024e0        0x4 ./Core/Src/main.o
                0x00000000200024e0                Vin
 .bss.Iin       0x00000000200024e4        0x4 ./Core/Src/main.o
                0x00000000200024e4                Iin
 .bss.temp      0x00000000200024e8        0x4 ./Core/Src/main.o
                0x00000000200024e8                temp
 .bss.bara_Toplam
                0x00000000200024ec        0x4 ./Core/Src/main.o
                0x00000000200024ec                bara_Toplam
 .bss.iMean     0x00000000200024f0        0x4 ./Core/Src/main.o
                0x00000000200024f0                iMean
 .bss.iV1L      0x00000000200024f4        0x4 ./Core/Src/main.o
                0x00000000200024f4                iV1L
 .bss.iV2L      0x00000000200024f8        0x4 ./Core/Src/main.o
                0x00000000200024f8                iV2L
 .bss.iV3L      0x00000000200024fc        0x4 ./Core/Src/main.o
                0x00000000200024fc                iV3L
 .bss.iI1L      0x0000000020002500        0x4 ./Core/Src/main.o
                0x0000000020002500                iI1L
 .bss.iI2L      0x0000000020002504        0x4 ./Core/Src/main.o
                0x0000000020002504                iI2L
 .bss.iI3L      0x0000000020002508        0x4 ./Core/Src/main.o
                0x0000000020002508                iI3L
 .bss.iVout     0x000000002000250c        0x4 ./Core/Src/main.o
                0x000000002000250c                iVout
 .bss.itemp     0x0000000020002510        0x4 ./Core/Src/main.o
                0x0000000020002510                itemp
 .bss.iIout     0x0000000020002514        0x4 ./Core/Src/main.o
                0x0000000020002514                iIout
 .bss.iVin      0x0000000020002518        0x4 ./Core/Src/main.o
                0x0000000020002518                iVin
 .bss.iIin      0x000000002000251c        0x4 ./Core/Src/main.o
                0x000000002000251c                iIin
 .bss.iV12L     0x0000000020002520        0x4 ./Core/Src/main.o
                0x0000000020002520                iV12L
 .bss.iV23L     0x0000000020002524        0x4 ./Core/Src/main.o
                0x0000000020002524                iV23L
 .bss.iV13L     0x0000000020002528        0x4 ./Core/Src/main.o
                0x0000000020002528                iV13L
 .bss.iI12L     0x000000002000252c        0x4 ./Core/Src/main.o
                0x000000002000252c                iI12L
 .bss.iI23L     0x0000000020002530        0x4 ./Core/Src/main.o
                0x0000000020002530                iI23L
 .bss.iI13L     0x0000000020002534        0x4 ./Core/Src/main.o
                0x0000000020002534                iI13L
 .bss.ibara_Toplam
                0x0000000020002538        0x4 ./Core/Src/main.o
                0x0000000020002538                ibara_Toplam
 .bss.RX_Data   0x000000002000253c        0x4 ./Core/Src/main.o
                0x000000002000253c                RX_Data
 .bss.dac_V     0x0000000020002540        0x4 ./Core/Src/main.o
                0x0000000020002540                dac_V
 .bss.dac_I     0x0000000020002544        0x4 ./Core/Src/main.o
                0x0000000020002544                dac_I
 .bss.send_V    0x0000000020002548        0x4 ./Core/Src/main.o
                0x0000000020002548                send_V
 .bss.send_I    0x000000002000254c        0x4 ./Core/Src/main.o
                0x000000002000254c                send_I
 .bss.adc1_Last0
                0x0000000020002550       0x14 ./Core/Src/main.o
                0x0000000020002550                adc1_Last0
 .bss.adc1_Last1
                0x0000000020002564       0x14 ./Core/Src/main.o
                0x0000000020002564                adc1_Last1
 .bss.adc1_Last2
                0x0000000020002578       0x14 ./Core/Src/main.o
                0x0000000020002578                adc1_Last2
 .bss.adc1_Last3
                0x000000002000258c       0x14 ./Core/Src/main.o
                0x000000002000258c                adc1_Last3
 .bss.adc1_Last4
                0x00000000200025a0       0x14 ./Core/Src/main.o
                0x00000000200025a0                adc1_Last4
 .bss.adc1_Last5
                0x00000000200025b4       0x14 ./Core/Src/main.o
                0x00000000200025b4                adc1_Last5
 .bss.adc1_Last6
                0x00000000200025c8       0x14 ./Core/Src/main.o
                0x00000000200025c8                adc1_Last6
 .bss.adc1_Last7
                0x00000000200025dc       0x14 ./Core/Src/main.o
                0x00000000200025dc                adc1_Last7
 .bss.adc1_Last8
                0x00000000200025f0       0x14 ./Core/Src/main.o
                0x00000000200025f0                adc1_Last8
 .bss.adc1_Last9
                0x0000000020002604       0x14 ./Core/Src/main.o
                0x0000000020002604                adc1_Last9
 .bss.adc1_Last10
                0x0000000020002618       0x14 ./Core/Src/main.o
                0x0000000020002618                adc1_Last10
 .bss.__sbrk_heap_end
                0x000000002000262c        0x4 ./Core/Src/sysmem.o
 .bss.uwTick    0x0000000020002630        0x4 ./Drivers/STM32F4xx_HAL_Driver/Src/stm32f4xx_hal.o
                0x0000000020002630                uwTick
 .bss.retUSER   0x0000000020002634        0x1 ./FATFS/App/fatfs.o
                0x0000000020002634                retUSER
 *fill*         0x0000000020002635        0x3 
 .bss.USERPath  0x0000000020002638        0x4 ./FATFS/App/fatfs.o
                0x0000000020002638                USERPath
 .bss.FatFs     0x000000002000263c        0x4 ./Middlewares/Third_Party/FatFs/src/ff.o
 .bss.Fsid      0x0000000020002640        0x2 ./Middlewares/Third_Party/FatFs/src/ff.o
 *fill*         0x0000000020002642        0x2 
 .bss.Files     0x0000000020002644       0x20 ./Middlewares/Third_Party/FatFs/src/ff.o
 .bss.LfnBuf    0x0000000020002664      0x200 ./Middlewares/Third_Party/FatFs/src/ff.o
 .bss.disk      0x0000000020002864        0xc ./Middlewares/Third_Party/FatFs/src/ff_gen_drv.o
                0x0000000020002864                disk
 .bss.__malloc_free_list
                0x0000000020002870        0x4 C:/ST/STM32CubeIDE_1.14.1/STM32CubeIDE/plugins/com.st.stm32cube.ide.mcu.externaltools.gnu-tools-for-stm32.11.3.rel1.win32_1.1.100.202309141235/tools/bin/../lib/gcc/arm-none-eabi/11.3.1/../../../../arm-none-eabi/lib/thumb/v7e-m+fp/hard\libc_nano.a(libc_a-mallocr.o)
                0x0000000020002870                __malloc_free_list
 .bss.__malloc_sbrk_start
                0x0000000020002874        0x4 C:/ST/STM32CubeIDE_1.14.1/STM32CubeIDE/plugins/com.st.stm32cube.ide.mcu.externaltools.gnu-tools-for-stm32.11.3.rel1.win32_1.1.100.202309141235/tools/bin/../lib/gcc/arm-none-eabi/11.3.1/../../../../arm-none-eabi/lib/thumb/v7e-m+fp/hard\libc_nano.a(libc_a-mallocr.o)
                0x0000000020002874                __malloc_sbrk_start
 .bss.__sf      0x0000000020002878      0x138 C:/ST/STM32CubeIDE_1.14.1/STM32CubeIDE/plugins/com.st.stm32cube.ide.mcu.externaltools.gnu-tools-for-stm32.11.3.rel1.win32_1.1.100.202309141235/tools/bin/../lib/gcc/arm-none-eabi/11.3.1/../../../../arm-none-eabi/lib/thumb/v7e-m+fp/hard\libc_nano.a(libc_a-findfp.o)
                0x0000000020002878                __sf
 .bss.errno     0x00000000200029b0        0x4 C:/ST/STM32CubeIDE_1.14.1/STM32CubeIDE/plugins/com.st.stm32cube.ide.mcu.externaltools.gnu-tools-for-stm32.11.3.rel1.win32_1.1.100.202309141235/tools/bin/../lib/gcc/arm-none-eabi/11.3.1/../../../../arm-none-eabi/lib/thumb/v7e-m+fp/hard\libc_nano.a(libc_a-reent.o)
                0x00000000200029b0                errno
 .bss.__lock___malloc_recursive_mutex
                0x00000000200029b4        0x1 C:/ST/STM32CubeIDE_1.14.1/STM32CubeIDE/plugins/com.st.stm32cube.ide.mcu.externaltools.gnu-tools-for-stm32.11.3.rel1.win32_1.1.100.202309141235/tools/bin/../lib/gcc/arm-none-eabi/11.3.1/../../../../arm-none-eabi/lib/thumb/v7e-m+fp/hard\libc_nano.a(libc_a-lock.o)
                0x00000000200029b4                __lock___malloc_recursive_mutex
 *(COMMON)
                0x00000000200029b8                . = ALIGN (0x4)
 *fill*         0x00000000200029b5        0x3 
                0x00000000200029b8                _ebss = .
                0x00000000200029b8                __bss_end__ = _ebss

._user_heap_stack
                0x00000000200029b8      0x600
                0x00000000200029b8                . = ALIGN (0x8)
                [!provide]                        PROVIDE (end = .)
                0x00000000200029b8                PROVIDE (_end = .)
                0x0000000020002bb8                . = (. + _Min_Heap_Size)
 *fill*         0x00000000200029b8      0x200 
                0x0000000020002fb8                . = (. + _Min_Stack_Size)
 *fill*         0x0000000020002bb8      0x400 
                0x0000000020002fb8                . = ALIGN (0x8)

/DISCARD/
 libc.a(*)
 libm.a(*)
 libgcc.a(*)

.ARM.attributes
                0x0000000000000000       0x30
 *(.ARM.attributes)
 .ARM.attributes
                0x0000000000000000       0x1e C:/ST/STM32CubeIDE_1.14.1/STM32CubeIDE/plugins/com.st.stm32cube.ide.mcu.externaltools.gnu-tools-for-stm32.11.3.rel1.win32_1.1.100.202309141235/tools/bin/../lib/gcc/arm-none-eabi/11.3.1/thumb/v7e-m+fp/hard/crti.o
 .ARM.attributes
                0x000000000000001e       0x34 C:/ST/STM32CubeIDE_1.14.1/STM32CubeIDE/plugins/com.st.stm32cube.ide.mcu.externaltools.gnu-tools-for-stm32.11.3.rel1.win32_1.1.100.202309141235/tools/bin/../lib/gcc/arm-none-eabi/11.3.1/thumb/v7e-m+fp/hard/crtbegin.o
 .ARM.attributes
                0x0000000000000052       0x34 ./Core/Src/fatfs_sd.o
 .ARM.attributes
                0x0000000000000086       0x34 ./Core/Src/main.o
 .ARM.attributes
                0x00000000000000ba       0x34 ./Core/Src/stm32f4xx_hal_msp.o
 .ARM.attributes
                0x00000000000000ee       0x34 ./Core/Src/stm32f4xx_it.o
 .ARM.attributes
                0x0000000000000122       0x34 ./Core/Src/sysmem.o
 .ARM.attributes
                0x0000000000000156       0x34 ./Core/Src/system_stm32f4xx.o
 .ARM.attributes
                0x000000000000018a       0x21 ./Core/Startup/startup_stm32f407vgtx.o
 .ARM.attributes
                0x00000000000001ab       0x34 ./Drivers/STM32F4xx_HAL_Driver/Src/stm32f4xx_hal.o
 .ARM.attributes
                0x00000000000001df       0x34 ./Drivers/STM32F4xx_HAL_Driver/Src/stm32f4xx_hal_adc.o
 .ARM.attributes
                0x0000000000000213       0x34 ./Drivers/STM32F4xx_HAL_Driver/Src/stm32f4xx_hal_cortex.o
 .ARM.attributes
                0x0000000000000247       0x34 ./Drivers/STM32F4xx_HAL_Driver/Src/stm32f4xx_hal_dac.o
 .ARM.attributes
                0x000000000000027b       0x34 ./Drivers/STM32F4xx_HAL_Driver/Src/stm32f4xx_hal_dma.o
 .ARM.attributes
                0x00000000000002af       0x34 ./Drivers/STM32F4xx_HAL_Driver/Src/stm32f4xx_hal_gpio.o
 .ARM.attributes
                0x00000000000002e3       0x34 ./Drivers/STM32F4xx_HAL_Driver/Src/stm32f4xx_hal_rcc.o
 .ARM.attributes
                0x0000000000000317       0x34 ./Drivers/STM32F4xx_HAL_Driver/Src/stm32f4xx_hal_spi.o
 .ARM.attributes
                0x000000000000034b       0x34 ./Drivers/STM32F4xx_HAL_Driver/Src/stm32f4xx_hal_tim.o
 .ARM.attributes
                0x000000000000037f       0x34 ./Drivers/STM32F4xx_HAL_Driver/Src/stm32f4xx_hal_tim_ex.o
 .ARM.attributes
                0x00000000000003b3       0x34 ./Drivers/STM32F4xx_HAL_Driver/Src/stm32f4xx_hal_uart.o
 .ARM.attributes
                0x00000000000003e7       0x34 ./FATFS/App/fatfs.o
 .ARM.attributes
                0x000000000000041b       0x34 ./FATFS/Target/user_diskio.o
 .ARM.attributes
                0x000000000000044f       0x34 ./Middlewares/Third_Party/FatFs/src/diskio.o
 .ARM.attributes
                0x0000000000000483       0x34 ./Middlewares/Third_Party/FatFs/src/ff.o
 .ARM.attributes
                0x00000000000004b7       0x34 ./Middlewares/Third_Party/FatFs/src/ff_gen_drv.o
 .ARM.attributes
                0x00000000000004eb       0x34 ./Middlewares/Third_Party/FatFs/src/option/ccsbcs.o
 .ARM.attributes
                0x000000000000051f       0x34 C:/ST/STM32CubeIDE_1.14.1/STM32CubeIDE/plugins/com.st.stm32cube.ide.mcu.externaltools.gnu-tools-for-stm32.11.3.rel1.win32_1.1.100.202309141235/tools/bin/../lib/gcc/arm-none-eabi/11.3.1/../../../../arm-none-eabi/lib/thumb/v7e-m+fp/hard\libc_nano.a(libc_a-malloc.o)
 .ARM.attributes
                0x0000000000000553       0x34 C:/ST/STM32CubeIDE_1.14.1/STM32CubeIDE/plugins/com.st.stm32cube.ide.mcu.externaltools.gnu-tools-for-stm32.11.3.rel1.win32_1.1.100.202309141235/tools/bin/../lib/gcc/arm-none-eabi/11.3.1/../../../../arm-none-eabi/lib/thumb/v7e-m+fp/hard\libc_nano.a(libc_a-mallocr.o)
 .ARM.attributes
                0x0000000000000587       0x34 C:/ST/STM32CubeIDE_1.14.1/STM32CubeIDE/plugins/com.st.stm32cube.ide.mcu.externaltools.gnu-tools-for-stm32.11.3.rel1.win32_1.1.100.202309141235/tools/bin/../lib/gcc/arm-none-eabi/11.3.1/../../../../arm-none-eabi/lib/thumb/v7e-m+fp/hard\libc_nano.a(libc_a-mlock.o)
 .ARM.attributes
                0x00000000000005bb       0x34 C:/ST/STM32CubeIDE_1.14.1/STM32CubeIDE/plugins/com.st.stm32cube.ide.mcu.externaltools.gnu-tools-for-stm32.11.3.rel1.win32_1.1.100.202309141235/tools/bin/../lib/gcc/arm-none-eabi/11.3.1/../../../../arm-none-eabi/lib/thumb/v7e-m+fp/hard\libc_nano.a(libc_a-findfp.o)
 .ARM.attributes
                0x00000000000005ef       0x34 C:/ST/STM32CubeIDE_1.14.1/STM32CubeIDE/plugins/com.st.stm32cube.ide.mcu.externaltools.gnu-tools-for-stm32.11.3.rel1.win32_1.1.100.202309141235/tools/bin/../lib/gcc/arm-none-eabi/11.3.1/../../../../arm-none-eabi/lib/thumb/v7e-m+fp/hard\libc_nano.a(libc_a-sprintf.o)
 .ARM.attributes
                0x0000000000000623       0x34 C:/ST/STM32CubeIDE_1.14.1/STM32CubeIDE/plugins/com.st.stm32cube.ide.mcu.externaltools.gnu-tools-for-stm32.11.3.rel1.win32_1.1.100.202309141235/tools/bin/../lib/gcc/arm-none-eabi/11.3.1/../../../../arm-none-eabi/lib/thumb/v7e-m+fp/hard\libc_nano.a(libc_a-memset.o)
 .ARM.attributes
                0x0000000000000657       0x34 C:/ST/STM32CubeIDE_1.14.1/STM32CubeIDE/plugins/com.st.stm32cube.ide.mcu.externaltools.gnu-tools-for-stm32.11.3.rel1.win32_1.1.100.202309141235/tools/bin/../lib/gcc/arm-none-eabi/11.3.1/../../../../arm-none-eabi/lib/thumb/v7e-m+fp/hard\libc_nano.a(libc_a-reent.o)
 .ARM.attributes
                0x000000000000068b       0x34 C:/ST/STM32CubeIDE_1.14.1/STM32CubeIDE/plugins/com.st.stm32cube.ide.mcu.externaltools.gnu-tools-for-stm32.11.3.rel1.win32_1.1.100.202309141235/tools/bin/../lib/gcc/arm-none-eabi/11.3.1/../../../../arm-none-eabi/lib/thumb/v7e-m+fp/hard\libc_nano.a(libc_a-impure.o)
 .ARM.attributes
                0x00000000000006bf       0x34 C:/ST/STM32CubeIDE_1.14.1/STM32CubeIDE/plugins/com.st.stm32cube.ide.mcu.externaltools.gnu-tools-for-stm32.11.3.rel1.win32_1.1.100.202309141235/tools/bin/../lib/gcc/arm-none-eabi/11.3.1/../../../../arm-none-eabi/lib/thumb/v7e-m+fp/hard\libc_nano.a(libc_a-sbrkr.o)
 .ARM.attributes
                0x00000000000006f3       0x34 C:/ST/STM32CubeIDE_1.14.1/STM32CubeIDE/plugins/com.st.stm32cube.ide.mcu.externaltools.gnu-tools-for-stm32.11.3.rel1.win32_1.1.100.202309141235/tools/bin/../lib/gcc/arm-none-eabi/11.3.1/../../../../arm-none-eabi/lib/thumb/v7e-m+fp/hard\libc_nano.a(libc_a-errno.o)
 .ARM.attributes
                0x0000000000000727       0x34 C:/ST/STM32CubeIDE_1.14.1/STM32CubeIDE/plugins/com.st.stm32cube.ide.mcu.externaltools.gnu-tools-for-stm32.11.3.rel1.win32_1.1.100.202309141235/tools/bin/../lib/gcc/arm-none-eabi/11.3.1/../../../../arm-none-eabi/lib/thumb/v7e-m+fp/hard\libc_nano.a(libc_a-init.o)
 .ARM.attributes
                0x000000000000075b       0x34 C:/ST/STM32CubeIDE_1.14.1/STM32CubeIDE/plugins/com.st.stm32cube.ide.mcu.externaltools.gnu-tools-for-stm32.11.3.rel1.win32_1.1.100.202309141235/tools/bin/../lib/gcc/arm-none-eabi/11.3.1/../../../../arm-none-eabi/lib/thumb/v7e-m+fp/hard\libc_nano.a(libc_a-lock.o)
 .ARM.attributes
                0x000000000000078f       0x17 C:/ST/STM32CubeIDE_1.14.1/STM32CubeIDE/plugins/com.st.stm32cube.ide.mcu.externaltools.gnu-tools-for-stm32.11.3.rel1.win32_1.1.100.202309141235/tools/bin/../lib/gcc/arm-none-eabi/11.3.1/../../../../arm-none-eabi/lib/thumb/v7e-m+fp/hard\libc_nano.a(libc_a-strlen.o)
 .ARM.attributes
                0x00000000000007a6       0x34 C:/ST/STM32CubeIDE_1.14.1/STM32CubeIDE/plugins/com.st.stm32cube.ide.mcu.externaltools.gnu-tools-for-stm32.11.3.rel1.win32_1.1.100.202309141235/tools/bin/../lib/gcc/arm-none-eabi/11.3.1/../../../../arm-none-eabi/lib/thumb/v7e-m+fp/hard\libc_nano.a(libc_a-freer.o)
 .ARM.attributes
                0x00000000000007da       0x34 C:/ST/STM32CubeIDE_1.14.1/STM32CubeIDE/plugins/com.st.stm32cube.ide.mcu.externaltools.gnu-tools-for-stm32.11.3.rel1.win32_1.1.100.202309141235/tools/bin/../lib/gcc/arm-none-eabi/11.3.1/../../../../arm-none-eabi/lib/thumb/v7e-m+fp/hard\libc_nano.a(libc_a-nano-svfprintf.o)
 .ARM.attributes
                0x000000000000080e       0x34 C:/ST/STM32CubeIDE_1.14.1/STM32CubeIDE/plugins/com.st.stm32cube.ide.mcu.externaltools.gnu-tools-for-stm32.11.3.rel1.win32_1.1.100.202309141235/tools/bin/../lib/gcc/arm-none-eabi/11.3.1/../../../../arm-none-eabi/lib/thumb/v7e-m+fp/hard\libc_nano.a(libc_a-nano-vfprintf_i.o)
 .ARM.attributes
                0x0000000000000842       0x34 C:/ST/STM32CubeIDE_1.14.1/STM32CubeIDE/plugins/com.st.stm32cube.ide.mcu.externaltools.gnu-tools-for-stm32.11.3.rel1.win32_1.1.100.202309141235/tools/bin/../lib/gcc/arm-none-eabi/11.3.1/../../../../arm-none-eabi/lib/thumb/v7e-m+fp/hard\libc_nano.a(libc_a-memmove.o)
 .ARM.attributes
                0x0000000000000876       0x1c C:/ST/STM32CubeIDE_1.14.1/STM32CubeIDE/plugins/com.st.stm32cube.ide.mcu.externaltools.gnu-tools-for-stm32.11.3.rel1.win32_1.1.100.202309141235/tools/bin/../lib/gcc/arm-none-eabi/11.3.1/../../../../arm-none-eabi/lib/thumb/v7e-m+fp/hard\libc_nano.a(libc_a-memchr.o)
 .ARM.attributes
                0x0000000000000892       0x34 C:/ST/STM32CubeIDE_1.14.1/STM32CubeIDE/plugins/com.st.stm32cube.ide.mcu.externaltools.gnu-tools-for-stm32.11.3.rel1.win32_1.1.100.202309141235/tools/bin/../lib/gcc/arm-none-eabi/11.3.1/../../../../arm-none-eabi/lib/thumb/v7e-m+fp/hard\libc_nano.a(libc_a-memcpy-stub.o)
 .ARM.attributes
                0x00000000000008c6       0x34 C:/ST/STM32CubeIDE_1.14.1/STM32CubeIDE/plugins/com.st.stm32cube.ide.mcu.externaltools.gnu-tools-for-stm32.11.3.rel1.win32_1.1.100.202309141235/tools/bin/../lib/gcc/arm-none-eabi/11.3.1/../../../../arm-none-eabi/lib/thumb/v7e-m+fp/hard\libc_nano.a(libc_a-reallocr.o)
 .ARM.attributes
                0x00000000000008fa       0x34 C:/ST/STM32CubeIDE_1.14.1/STM32CubeIDE/plugins/com.st.stm32cube.ide.mcu.externaltools.gnu-tools-for-stm32.11.3.rel1.win32_1.1.100.202309141235/tools/bin/../lib/gcc/arm-none-eabi/11.3.1/../../../../arm-none-eabi/lib/thumb/v7e-m+fp/hard\libc_nano.a(libc_a-msizer.o)
 .ARM.attributes
                0x000000000000092e       0x34 C:/ST/STM32CubeIDE_1.14.1/STM32CubeIDE/plugins/com.st.stm32cube.ide.mcu.externaltools.gnu-tools-for-stm32.11.3.rel1.win32_1.1.100.202309141235/tools/bin/../lib/gcc/arm-none-eabi/11.3.1/../../../../arm-none-eabi/lib/thumb/v7e-m+fp/hard\libm.a(libm_a-w_sqrt.o)
 .ARM.attributes
                0x0000000000000962       0x34 C:/ST/STM32CubeIDE_1.14.1/STM32CubeIDE/plugins/com.st.stm32cube.ide.mcu.externaltools.gnu-tools-for-stm32.11.3.rel1.win32_1.1.100.202309141235/tools/bin/../lib/gcc/arm-none-eabi/11.3.1/../../../../arm-none-eabi/lib/thumb/v7e-m+fp/hard\libm.a(libm_a-e_sqrt.o)
 .ARM.attributes