../Core/Src/main.c:129:6:transmit_uart	24	static
../Core/Src/main.c:138:6:nextion_Send	24	static
../Core/Src/main.c:152:10:map	24	static
../Core/Src/main.c:158:6:HAL_UART_RxCpltCallback	24	static
../Core/Src/main.c:258:6:HAL_ADC_ConvCpltCallback	40	static
../Core/Src/main.c:442:5:main	16	static
../Core/Src/main.c:579:6:SystemClock_Config	88	static
../Core/Src/main.c:625:13:MX_ADC1_Init	24	static
../Core/Src/main.c:776:13:MX_DAC_Init	16	static
../Core/Src/main.c:823:13:MX_SPI1_Init	8	static
../Core/Src/main.c:861:13:MX_TIM1_Init	32	static
../Core/Src/main.c:907:13:MX_TIM8_Init	32	static
../Core/Src/main.c:953:13:MX_UART4_Init	8	static
../Core/Src/main.c:986:13:MX_USART2_UART_Init	8	static
../Core/Src/main.c:1019:13:MX_USART3_UART_Init	8	static
../Core/Src/main.c:1050:13:MX_DMA_Init	16	static
../Core/Src/main.c:1068:13:MX_GPIO_Init	48	static
../Core/Src/main.c:1103:6:HAL_TIM_PeriodElapsedCallback	16	static
../Core/Src/main.c:1131:6:Error_Handler	4	static,ignoring_inline_asm
