../Core/Src/main.c:98:1:__io_putchar	16	static
../Core/Src/main.c:139:6:transmit_uart	24	static
../Core/Src/main.c:148:6:nextion_Send	24	static
../Core/Src/main.c:162:10:map	24	static
../Core/Src/main.c:168:6:HAL_UART_RxCpltCallback	24	static
../Core/Src/main.c:268:6:HAL_ADC_ConvCpltCallback	40	static
../Core/Src/main.c:444:5:main	16	static
../Core/Src/main.c:595:6:SystemClock_Config	88	static
../Core/Src/main.c:641:13:MX_ADC1_Init	24	static
../Core/Src/main.c:792:13:MX_DAC_Init	16	static
../Core/Src/main.c:839:13:MX_SDIO_SD_Init	4	static
../Core/Src/main.c:867:13:MX_SPI1_Init	8	static
../Core/Src/main.c:905:13:MX_TIM1_Init	32	static
../Core/Src/main.c:951:13:MX_TIM8_Init	32	static
../Core/Src/main.c:997:13:MX_USART1_UART_Init	8	static
../Core/Src/main.c:1030:13:MX_USART2_UART_Init	8	static
../Core/Src/main.c:1063:13:MX_USART3_UART_Init	8	static
../Core/Src/main.c:1096:13:MX_USART6_UART_Init	8	static
../Core/Src/main.c:1127:13:MX_DMA_Init	16	static
../Core/Src/main.c:1145:13:MX_GPIO_Init	48	static
../Core/Src/main.c:1180:6:HAL_TIM_PeriodElapsedCallback	16	static
../Core/Src/main.c:1208:6:Error_Handler	4	static,ignoring_inline_asm
